Archive member included to satisfy reference by file (symbol)

c:/st/stm32cubeide_1.12.0/stm32cubeide/plugins/com.st.stm32cube.ide.mcu.externaltools.gnu-tools-for-stm32.10.3-2021.10.win32_1.0.200.202301161003/tools/bin/../lib/gcc/arm-none-eabi/10.3.1/../../../../arm-none-eabi/lib/thumb/v7e-m+fp/hard\libc_nano.a(lib_a-errno.o)
                              ./Core/Src/syscalls.o (__errno)
c:/st/stm32cubeide_1.12.0/stm32cubeide/plugins/com.st.stm32cube.ide.mcu.externaltools.gnu-tools-for-stm32.10.3-2021.10.win32_1.0.200.202301161003/tools/bin/../lib/gcc/arm-none-eabi/10.3.1/../../../../arm-none-eabi/lib/thumb/v7e-m+fp/hard\libc_nano.a(lib_a-exit.o)
                              c:/st/stm32cubeide_1.12.0/stm32cubeide/plugins/com.st.stm32cube.ide.mcu.externaltools.gnu-tools-for-stm32.10.3-2021.10.win32_1.0.200.202301161003/tools/bin/../lib/gcc/arm-none-eabi/10.3.1/../../../../arm-none-eabi/lib/thumb/v7e-m+fp/hard/crt0.o (exit)
c:/st/stm32cubeide_1.12.0/stm32cubeide/plugins/com.st.stm32cube.ide.mcu.externaltools.gnu-tools-for-stm32.10.3-2021.10.win32_1.0.200.202301161003/tools/bin/../lib/gcc/arm-none-eabi/10.3.1/../../../../arm-none-eabi/lib/thumb/v7e-m+fp/hard\libc_nano.a(lib_a-impure.o)
                              c:/st/stm32cubeide_1.12.0/stm32cubeide/plugins/com.st.stm32cube.ide.mcu.externaltools.gnu-tools-for-stm32.10.3-2021.10.win32_1.0.200.202301161003/tools/bin/../lib/gcc/arm-none-eabi/10.3.1/../../../../arm-none-eabi/lib/thumb/v7e-m+fp/hard\libc_nano.a(lib_a-exit.o) (_global_impure_ptr)
c:/st/stm32cubeide_1.12.0/stm32cubeide/plugins/com.st.stm32cube.ide.mcu.externaltools.gnu-tools-for-stm32.10.3-2021.10.win32_1.0.200.202301161003/tools/bin/../lib/gcc/arm-none-eabi/10.3.1/../../../../arm-none-eabi/lib/thumb/v7e-m+fp/hard\libc_nano.a(lib_a-init.o)
                              c:/st/stm32cubeide_1.12.0/stm32cubeide/plugins/com.st.stm32cube.ide.mcu.externaltools.gnu-tools-for-stm32.10.3-2021.10.win32_1.0.200.202301161003/tools/bin/../lib/gcc/arm-none-eabi/10.3.1/../../../../arm-none-eabi/lib/thumb/v7e-m+fp/hard/crt0.o (__libc_init_array)
c:/st/stm32cubeide_1.12.0/stm32cubeide/plugins/com.st.stm32cube.ide.mcu.externaltools.gnu-tools-for-stm32.10.3-2021.10.win32_1.0.200.202301161003/tools/bin/../lib/gcc/arm-none-eabi/10.3.1/../../../../arm-none-eabi/lib/thumb/v7e-m+fp/hard\libc_nano.a(lib_a-memcpy-stub.o)
                              ./FATFS/Target/sd_diskio.o (memcpy)
c:/st/stm32cubeide_1.12.0/stm32cubeide/plugins/com.st.stm32cube.ide.mcu.externaltools.gnu-tools-for-stm32.10.3-2021.10.win32_1.0.200.202301161003/tools/bin/../lib/gcc/arm-none-eabi/10.3.1/../../../../arm-none-eabi/lib/thumb/v7e-m+fp/hard\libc_nano.a(lib_a-memset.o)
                              c:/st/stm32cubeide_1.12.0/stm32cubeide/plugins/com.st.stm32cube.ide.mcu.externaltools.gnu-tools-for-stm32.10.3-2021.10.win32_1.0.200.202301161003/tools/bin/../lib/gcc/arm-none-eabi/10.3.1/../../../../arm-none-eabi/lib/thumb/v7e-m+fp/hard/crt0.o (memset)
c:/st/stm32cubeide_1.12.0/stm32cubeide/plugins/com.st.stm32cube.ide.mcu.externaltools.gnu-tools-for-stm32.10.3-2021.10.win32_1.0.200.202301161003/tools/bin/../lib/gcc/arm-none-eabi/10.3.1/../../../../arm-none-eabi/lib/thumb/v7e-m+fp/hard\libc_nano.a(lib_a-strncmp.o)
                              ./avi/aviparser.o (strncmp)
c:/st/stm32cubeide_1.12.0/stm32cubeide/plugins/com.st.stm32cube.ide.mcu.externaltools.gnu-tools-for-stm32.10.3-2021.10.win32_1.0.200.202301161003/tools/bin/../lib/gcc/arm-none-eabi/10.3.1/thumb/v7e-m+fp/hard\libgcc.a(_aeabi_uldivmod.o)
                              ./Drivers/STM32F4xx_HAL_Driver/Src/stm32f4xx_hal_rcc.o (__aeabi_uldivmod)
c:/st/stm32cubeide_1.12.0/stm32cubeide/plugins/com.st.stm32cube.ide.mcu.externaltools.gnu-tools-for-stm32.10.3-2021.10.win32_1.0.200.202301161003/tools/bin/../lib/gcc/arm-none-eabi/10.3.1/thumb/v7e-m+fp/hard\libgcc.a(_udivmoddi4.o)
                              c:/st/stm32cubeide_1.12.0/stm32cubeide/plugins/com.st.stm32cube.ide.mcu.externaltools.gnu-tools-for-stm32.10.3-2021.10.win32_1.0.200.202301161003/tools/bin/../lib/gcc/arm-none-eabi/10.3.1/thumb/v7e-m+fp/hard\libgcc.a(_aeabi_uldivmod.o) (__udivmoddi4)
c:/st/stm32cubeide_1.12.0/stm32cubeide/plugins/com.st.stm32cube.ide.mcu.externaltools.gnu-tools-for-stm32.10.3-2021.10.win32_1.0.200.202301161003/tools/bin/../lib/gcc/arm-none-eabi/10.3.1/thumb/v7e-m+fp/hard\libgcc.a(_dvmd_tls.o)
                              c:/st/stm32cubeide_1.12.0/stm32cubeide/plugins/com.st.stm32cube.ide.mcu.externaltools.gnu-tools-for-stm32.10.3-2021.10.win32_1.0.200.202301161003/tools/bin/../lib/gcc/arm-none-eabi/10.3.1/thumb/v7e-m+fp/hard\libgcc.a(_aeabi_uldivmod.o) (__aeabi_ldiv0)

Discarded input sections

 .text          0x0000000000000000        0x0 c:/st/stm32cubeide_1.12.0/stm32cubeide/plugins/com.st.stm32cube.ide.mcu.externaltools.gnu-tools-for-stm32.10.3-2021.10.win32_1.0.200.202301161003/tools/bin/../lib/gcc/arm-none-eabi/10.3.1/thumb/v7e-m+fp/hard/crti.o
[...]
Memory Configuration

Name             Origin             Length             Attributes
CCMRAM           0x0000000010000000 0x0000000000010000 xrw
RAM              0x0000000020000000 0x0000000000020000 xrw
FLASH            0x0000000008000000 0x0000000000080000 xr
*default*        0x0000000000000000 0xffffffffffffffff

Linker script and memory map

LOAD c:/st/stm32cubeide_1.12.0/stm32cubeide/plugins/com.st.stm32cube.ide.mcu.externaltools.gnu-tools-for-stm32.10.3-2021.10.win32_1.0.200.202301161003/tools/bin/../lib/gcc/arm-none-eabi/10.3.1/thumb/v7e-m+fp/hard/crti.o
LOAD c:/st/stm32cubeide_1.12.0/stm32cubeide/plugins/com.st.stm32cube.ide.mcu.externaltools.gnu-tools-for-stm32.10.3-2021.10.win32_1.0.200.202301161003/tools/bin/../lib/gcc/arm-none-eabi/10.3.1/thumb/v7e-m+fp/hard/crtbegin.o
LOAD c:/st/stm32cubeide_1.12.0/stm32cubeide/plugins/com.st.stm32cube.ide.mcu.externaltools.gnu-tools-for-stm32.10.3-2021.10.win32_1.0.200.202301161003/tools/bin/../lib/gcc/arm-none-eabi/10.3.1/../../../../arm-none-eabi/lib/thumb/v7e-m+fp/hard/crt0.o
LOAD ./Bsp/screen.o
LOAD ./Core/Src/dma.o
LOAD ./Core/Src/gpio.o
LOAD ./Core/Src/main.o
LOAD ./Core/Src/sdio.o
LOAD ./Core/Src/spi.o
LOAD ./Core/Src/stm32f4xx_hal_msp.o
LOAD ./Core/Src/stm32f4xx_hal_timebase_tim.o
LOAD ./Core/Src/stm32f4xx_it.o
LOAD ./Core/Src/syscalls.o
LOAD ./Core/Src/sysmem.o
LOAD ./Core/Src/system_stm32f4xx.o
LOAD ./Core/Src/tim.o
LOAD ./Core/Startup/startup_stm32f407vetx.o
LOAD ./Drivers/STM32F4xx_HAL_Driver/Src/stm32f4xx_hal.o
LOAD ./Drivers/STM32F4xx_HAL_Driver/Src/stm32f4xx_hal_cortex.o
LOAD ./Drivers/STM32F4xx_HAL_Driver/Src/stm32f4xx_hal_dma.o
LOAD ./Drivers/STM32F4xx_HAL_Driver/Src/stm32f4xx_hal_dma_ex.o
LOAD ./Drivers/STM32F4xx_HAL_Driver/Src/stm32f4xx_hal_exti.o
LOAD ./Drivers/STM32F4xx_HAL_Driver/Src/stm32f4xx_hal_flash.o
LOAD ./Drivers/STM32F4xx_HAL_Driver/Src/stm32f4xx_hal_flash_ex.o
LOAD ./Drivers/STM32F4xx_HAL_Driver/Src/stm32f4xx_hal_flash_ramfunc.o
LOAD ./Drivers/STM32F4xx_HAL_Driver/Src/stm32f4xx_hal_gpio.o
LOAD ./Drivers/STM32F4xx_HAL_Driver/Src/stm32f4xx_hal_pwr.o
LOAD ./Drivers/STM32F4xx_HAL_Driver/Src/stm32f4xx_hal_pwr_ex.o
LOAD ./Drivers/STM32F4xx_HAL_Driver/Src/stm32f4xx_hal_rcc.o
LOAD ./Drivers/STM32F4xx_HAL_Driver/Src/stm32f4xx_hal_rcc_ex.o
LOAD ./Drivers/STM32F4xx_HAL_Driver/Src/stm32f4xx_hal_sd.o
LOAD ./Drivers/STM32F4xx_HAL_Driver/Src/stm32f4xx_hal_spi.o
LOAD ./Drivers/STM32F4xx_HAL_Driver/Src/stm32f4xx_hal_tim.o
LOAD ./Drivers/STM32F4xx_HAL_Driver/Src/stm32f4xx_hal_tim_ex.o
LOAD ./Drivers/STM32F4xx_HAL_Driver/Src/stm32f4xx_ll_sdmmc.o
LOAD ./FATFS/App/fatfs.o
LOAD ./FATFS/Target/bsp_driver_sd.o
LOAD ./FATFS/Target/fatfs_platform.o
LOAD ./FATFS/Target/sd_diskio.o
LOAD ./Middlewares/Third_Party/FatFs/src/diskio.o
LOAD ./Middlewares/Third_Party/FatFs/src/ff.o
LOAD ./Middlewares/Third_Party/FatFs/src/ff_gen_drv.o
LOAD ./Middlewares/Third_Party/FatFs/src/option/syscall.o
LOAD ./UserApp/main.o
LOAD ./avi/aviparser.o
LOAD ./jpegdec/JPEGDEC.o
LOAD ./jpegdec/s3_simd_420.o
LOAD ./jpegdec/s3_simd_444.o
LOAD ./jpegdec/s3_simd_dequant.o
START GROUP
LOAD c:/st/stm32cubeide_1.12.0/stm32cubeide/plugins/com.st.stm32cube.ide.mcu.externaltools.gnu-tools-for-stm32.10.3-2021.10.win32_1.0.200.202301161003/tools/bin/../lib/gcc/arm-none-eabi/10.3.1/../../../../arm-none-eabi/lib/thumb/v7e-m+fp/hard\libstdc++_nano.a
LOAD c:/st/stm32cubeide_1.12.0/stm32cubeide/plugins/com.st.stm32cube.ide.mcu.externaltools.gnu-tools-for-stm32.10.3-2021.10.win32_1.0.200.202301161003/tools/bin/../lib/gcc/arm-none-eabi/10.3.1/../../../../arm-none-eabi/lib/thumb/v7e-m+fp/hard\libsupc++_nano.a
END GROUP
LOAD c:/st/stm32cubeide_1.12.0/stm32cubeide/plugins/com.st.stm32cube.ide.mcu.externaltools.gnu-tools-for-stm32.10.3-2021.10.win32_1.0.200.202301161003/tools/bin/../lib/gcc/arm-none-eabi/10.3.1/../../../../arm-none-eabi/lib/thumb/v7e-m+fp/hard\libstdc++_nano.a
LOAD c:/st/stm32cubeide_1.12.0/stm32cubeide/plugins/com.st.stm32cube.ide.mcu.externaltools.gnu-tools-for-stm32.10.3-2021.10.win32_1.0.200.202301161003/tools/bin/../lib/gcc/arm-none-eabi/10.3.1/../../../../arm-none-eabi/lib/thumb/v7e-m+fp/hard\libm.a
LOAD c:/st/stm32cubeide_1.12.0/stm32cubeide/plugins/com.st.stm32cube.ide.mcu.externaltools.gnu-tools-for-stm32.10.3-2021.10.win32_1.0.200.202301161003/tools/bin/../lib/gcc/arm-none-eabi/10.3.1/../../../../arm-none-eabi/lib/thumb/v7e-m+fp/hard\libc_nano.a
START GROUP
LOAD c:/st/stm32cubeide_1.12.0/stm32cubeide/plugins/com.st.stm32cube.ide.mcu.externaltools.gnu-tools-for-stm32.10.3-2021.10.win32_1.0.200.202301161003/tools/bin/../lib/gcc/arm-none-eabi/10.3.1/thumb/v7e-m+fp/hard\libgcc.a
LOAD c:/st/stm32cubeide_1.12.0/stm32cubeide/plugins/com.st.stm32cube.ide.mcu.externaltools.gnu-tools-for-stm32.10.3-2021.10.win32_1.0.200.202301161003/tools/bin/../lib/gcc/arm-none-eabi/10.3.1/../../../../arm-none-eabi/lib/thumb/v7e-m+fp/hard\libc_nano.a
END GROUP
START GROUP
LOAD c:/st/stm32cubeide_1.12.0/stm32cubeide/plugins/com.st.stm32cube.ide.mcu.externaltools.gnu-tools-for-stm32.10.3-2021.10.win32_1.0.200.202301161003/tools/bin/../lib/gcc/arm-none-eabi/10.3.1/thumb/v7e-m+fp/hard\libgcc.a
LOAD c:/st/stm32cubeide_1.12.0/stm32cubeide/plugins/com.st.stm32cube.ide.mcu.externaltools.gnu-tools-for-stm32.10.3-2021.10.win32_1.0.200.202301161003/tools/bin/../lib/gcc/arm-none-eabi/10.3.1/../../../../arm-none-eabi/lib/thumb/v7e-m+fp/hard\libc_nano.a
LOAD c:/st/stm32cubeide_1.12.0/stm32cubeide/plugins/com.st.stm32cube.ide.mcu.externaltools.gnu-tools-for-stm32.10.3-2021.10.win32_1.0.200.202301161003/tools/bin/../lib/gcc/arm-none-eabi/10.3.1/../../../../arm-none-eabi/lib/thumb/v7e-m+fp/hard\libnosys.a
END GROUP
START GROUP
LOAD c:/st/stm32cubeide_1.12.0/stm32cubeide/plugins/com.st.stm32cube.ide.mcu.externaltools.gnu-tools-for-stm32.10.3-2021.10.win32_1.0.200.202301161003/tools/bin/../lib/gcc/arm-none-eabi/10.3.1/thumb/v7e-m+fp/hard\libgcc.a
LOAD c:/st/stm32cubeide_1.12.0/stm32cubeide/plugins/com.st.stm32cube.ide.mcu.externaltools.gnu-tools-for-stm32.10.3-2021.10.win32_1.0.200.202301161003/tools/bin/../lib/gcc/arm-none-eabi/10.3.1/../../../../arm-none-eabi/lib/thumb/v7e-m+fp/hard\libc_nano.a
LOAD c:/st/stm32cubeide_1.12.0/stm32cubeide/plugins/com.st.stm32cube.ide.mcu.externaltools.gnu-tools-for-stm32.10.3-2021.10.win32_1.0.200.202301161003/tools/bin/../lib/gcc/arm-none-eabi/10.3.1/../../../../arm-none-eabi/lib/thumb/v7e-m+fp/hard\libnosys.a
END GROUP
LOAD c:/st/stm32cubeide_1.12.0/stm32cubeide/plugins/com.st.stm32cube.ide.mcu.externaltools.gnu-tools-for-stm32.10.3-2021.10.win32_1.0.200.202301161003/tools/bin/../lib/gcc/arm-none-eabi/10.3.1/thumb/v7e-m+fp/hard/crtend.o
LOAD c:/st/stm32cubeide_1.12.0/stm32cubeide/plugins/com.st.stm32cube.ide.mcu.externaltools.gnu-tools-for-stm32.10.3-2021.10.win32_1.0.200.202301161003/tools/bin/../lib/gcc/arm-none-eabi/10.3.1/thumb/v7e-m+fp/hard/crtn.o
                0x0000000020020000                _estack = (ORIGIN (RAM) + LENGTH (RAM))
                0x0000000000002000                _Min_Heap_Size = 0x2000
                0x0000000000001000                _Min_Stack_Size = 0x1000

.isr_vector     0x0000000008000000      0x188
                0x0000000008000000                . = ALIGN (0x4)
 *(.isr_vector)
 .isr_vector    0x0000000008000000      0x188 ./Core/Startup/startup_stm32f407vetx.o
                0x0000000008000000                g_pfnVectors
                0x0000000008000188                . = ALIGN (0x4)

.text           0x0000000008000188    0x10ccc
                0x0000000008000188                . = ALIGN (0x4)
 *(.text)
 .text          0x0000000008000188       0x40 c:/st/stm32cubeide_1.12.0/stm32cubeide/plugins/com.st.stm32cube.ide.mcu.externaltools.gnu-tools-for-stm32.10.3-2021.10.win32_1.0.200.202301161003/tools/bin/../lib/gcc/arm-none-eabi/10.3.1/thumb/v7e-m+fp/hard/crtbegin.o
 .text          0x00000000080001c8       0x30 c:/st/stm32cubeide_1.12.0/stm32cubeide/plugins/com.st.stm32cube.ide.mcu.externaltools.gnu-tools-for-stm32.10.3-2021.10.win32_1.0.200.202301161003/tools/bin/../lib/gcc/arm-none-eabi/10.3.1/thumb/v7e-m+fp/hard\libgcc.a(_aeabi_uldivmod.o)
                0x00000000080001c8                __aeabi_uldivmod
 .text          0x00000000080001f8      0x2d0 c:/st/stm32cubeide_1.12.0/stm32cubeide/plugins/com.st.stm32cube.ide.mcu.externaltools.gnu-tools-for-stm32.10.3-2021.10.win32_1.0.200.202301161003/tools/bin/../lib/gcc/arm-none-eabi/10.3.1/thumb/v7e-m+fp/hard\libgcc.a(_udivmoddi4.o)
                0x00000000080001f8                __udivmoddi4
 .text          0x00000000080004c8        0x4 c:/st/stm32cubeide_1.12.0/stm32cubeide/plugins/com.st.stm32cube.ide.mcu.externaltools.gnu-tools-for-stm32.10.3-2021.10.win32_1.0.200.202301161003/tools/bin/../lib/gcc/arm-none-eabi/10.3.1/thumb/v7e-m+fp/hard\libgcc.a(_dvmd_tls.o)
                0x00000000080004c8                __aeabi_idiv0
                0x00000000080004c8                __aeabi_ldiv0
 *(.text*)
 .text._ZN6Screen10ChipSelectEb
                0x00000000080004cc       0x34 ./Bsp/screen.o
                0x00000000080004cc                Screen::ChipSelect(bool)
 .text._ZN6Screen5DCPinEb
                0x0000000008000500       0x34 ./Bsp/screen.o
                0x0000000008000500                Screen::DCPin(bool)
 .text._ZN6Screen6RstPinEb
                0x0000000008000534       0x34 ./Bsp/screen.o
                0x0000000008000534                Screen::RstPin(bool)
 .text._ZN6Screen10ModuleInitEv
                0x0000000008000568       0x38 ./Bsp/screen.o
                0x0000000008000568                Screen::ModuleInit()
 .text._ZN6Screen5ResetEv
                0x00000000080005a0       0x3a ./Bsp/screen.o
                0x00000000080005a0                Screen::Reset()
 .text._ZN6Screen11begin_WriteEv
                0x00000000080005da       0x18 ./Bsp/screen.o
                0x00000000080005da                Screen::begin_Write()
 .text._ZN6Screen9end_WriteEv
                0x00000000080005f2       0x18 ./Bsp/screen.o
                0x00000000080005f2                Screen::end_Write()
 .text._ZN6Screen12WriteCommandEh
                0x000000000800060a       0x2c ./Bsp/screen.o
                0x000000000800060a                Screen::WriteCommand(unsigned char)
 .text._ZN6Screen9WriteDataEPhmb
                0x0000000008000636       0x46 ./Bsp/screen.o
                0x0000000008000636                Screen::WriteData(unsigned char*, unsigned long, bool)
 .text._ZN6Screen9WriteByteEh
                0x000000000800067c       0x20 ./Bsp/screen.o
                0x000000000800067c                Screen::WriteByte(unsigned char)
 .text._ZN6Screen7InitRegENS_11OrientationE
                0x000000000800069c      0x658 ./Bsp/screen.o
                0x000000000800069c                Screen::InitReg(Screen::Orientation)
 .text._ZN6Screen7LCDInitENS_11OrientationE
                0x0000000008000cf4       0x24 ./Bsp/screen.o
                0x0000000008000cf4                Screen::LCDInit(Screen::Orientation)
 .text._ZN6Screen10SetWindowsEtttt
                0x0000000008000d18       0x82 ./Bsp/screen.o
                0x0000000008000d18                Screen::SetWindows(unsigned short, unsigned short, unsigned short, unsigned short)
 .text._ZN6Screen5ClearEt
                0x0000000008000d9a       0x7c ./Bsp/screen.o
                0x0000000008000d9a                Screen::Clear(unsigned short)
 *fill*         0x0000000008000e16        0x2 
 .text._ZN6Screen12SetBackLightEt
                0x0000000008000e18       0x24 ./Bsp/screen.o
                0x0000000008000e18                Screen::SetBackLight(unsigned short)
 .text._ZN6Screen16WriteFrameBufferEttttPhmb
                0x0000000008000e3c       0x60 ./Bsp/screen.o
                0x0000000008000e3c                Screen::WriteFrameBuffer(unsigned short, unsigned short, unsigned short, unsigned short, unsigned char*, unsigned long, bool)
 .text._ZN6Screen10WriteColorEPhm
                0x0000000008000e9c       0x20 ./Bsp/screen.o
                0x0000000008000e9c                Screen::WriteColor(unsigned char*, unsigned long)
 .text.MX_DMA_Init
                0x0000000008000ebc       0x60 ./Core/Src/dma.o
                0x0000000008000ebc                MX_DMA_Init
 .text.MX_GPIO_Init
                0x0000000008000f1c       0xf8 ./Core/Src/gpio.o
                0x0000000008000f1c                MX_GPIO_Init
 .text.main     0x0000000008001014       0x2e ./Core/Src/main.o
                0x0000000008001014                main
 *fill*         0x0000000008001042        0x2 
 .text.SystemClock_Config
                0x0000000008001044       0xd4 ./Core/Src/main.o
                0x0000000008001044                SystemClock_Config
 .text.HAL_TIM_PeriodElapsedCallback
                0x0000000008001118       0x24 ./Core/Src/main.o
                0x0000000008001118                HAL_TIM_PeriodElapsedCallback
 .text.Error_Handler
                0x000000000800113c        0xa ./Core/Src/main.o
                0x000000000800113c                Error_Handler
 *fill*         0x0000000008001146        0x2 
 .text.MX_SDIO_SD_Init
                0x0000000008001148       0x60 ./Core/Src/sdio.o
                0x0000000008001148                MX_SDIO_SD_Init
 .text.HAL_SD_MspInit
                0x00000000080011a8      0x1e0 ./Core/Src/sdio.o
                0x00000000080011a8                HAL_SD_MspInit
 .text.MX_SPI1_Init
                0x0000000008001388       0x6c ./Core/Src/spi.o
                0x0000000008001388                MX_SPI1_Init
 .text.HAL_SPI_MspInit
                0x00000000080013f4      0x104 ./Core/Src/spi.o
                0x00000000080013f4                HAL_SPI_MspInit
 .text.HAL_MspInit
                0x00000000080014f8       0x50 ./Core/Src/stm32f4xx_hal_msp.o
                0x00000000080014f8                HAL_MspInit
 .text.HAL_InitTick
                0x0000000008001548       0xf8 ./Core/Src/stm32f4xx_hal_timebase_tim.o
                0x0000000008001548                HAL_InitTick
 .text.NMI_Handler
                0x0000000008001640        0x6 ./Core/Src/stm32f4xx_it.o
                0x0000000008001640                NMI_Handler
 .text.HardFault_Handler
                0x0000000008001646        0x6 ./Core/Src/stm32f4xx_it.o
                0x0000000008001646                HardFault_Handler
 .text.MemManage_Handler
                0x000000000800164c        0x6 ./Core/Src/stm32f4xx_it.o
                0x000000000800164c                MemManage_Handler
 .text.BusFault_Handler
                0x0000000008001652        0x6 ./Core/Src/stm32f4xx_it.o
                0x0000000008001652                BusFault_Handler
 .text.UsageFault_Handler
                0x0000000008001658        0x6 ./Core/Src/stm32f4xx_it.o
                0x0000000008001658                UsageFault_Handler
 .text.SVC_Handler
                0x000000000800165e        0xe ./Core/Src/stm32f4xx_it.o
                0x000000000800165e                SVC_Handler
 .text.DebugMon_Handler
                0x000000000800166c        0xe ./Core/Src/stm32f4xx_it.o
                0x000000000800166c                DebugMon_Handler
 .text.PendSV_Handler
                0x000000000800167a        0xe ./Core/Src/stm32f4xx_it.o
                0x000000000800167a                PendSV_Handler
 .text.SysTick_Handler
                0x0000000008001688        0xe ./Core/Src/stm32f4xx_it.o
                0x0000000008001688                SysTick_Handler
 *fill*         0x0000000008001696        0x2 
 .text.SPI1_IRQHandler
                0x0000000008001698       0x14 ./Core/Src/stm32f4xx_it.o
                0x0000000008001698                SPI1_IRQHandler
 .text.TIM8_TRG_COM_TIM14_IRQHandler
                0x00000000080016ac       0x14 ./Core/Src/stm32f4xx_it.o
                0x00000000080016ac                TIM8_TRG_COM_TIM14_IRQHandler
 .text.SDIO_IRQHandler
                0x00000000080016c0       0x14 ./Core/Src/stm32f4xx_it.o
                0x00000000080016c0                SDIO_IRQHandler
 .text.DMA2_Stream3_IRQHandler
                0x00000000080016d4       0x14 ./Core/Src/stm32f4xx_it.o
                0x00000000080016d4                DMA2_Stream3_IRQHandler
 .text.DMA2_Stream5_IRQHandler
                0x00000000080016e8       0x14 ./Core/Src/stm32f4xx_it.o
                0x00000000080016e8                DMA2_Stream5_IRQHandler
 .text.DMA2_Stream6_IRQHandler
                0x00000000080016fc       0x14 ./Core/Src/stm32f4xx_it.o
                0x00000000080016fc                DMA2_Stream6_IRQHandler
 .text.SystemInit
                0x0000000008001710       0x24 ./Core/Src/system_stm32f4xx.o
                0x0000000008001710                SystemInit
 .text.MX_TIM3_Init
                0x0000000008001734       0xb4 ./Core/Src/tim.o
                0x0000000008001734                MX_TIM3_Init
 .text.HAL_TIM_PWM_MspInit
                0x00000000080017e8       0x44 ./Core/Src/tim.o
                0x00000000080017e8                HAL_TIM_PWM_MspInit
 .text.HAL_TIM_MspPostInit
                0x000000000800182c       0x74 ./Core/Src/tim.o
                0x000000000800182c                HAL_TIM_MspPostInit
 .text.Reset_Handler
                0x00000000080018a0       0x50 ./Core/Startup/startup_stm32f407vetx.o
                0x00000000080018a0                Reset_Handler
 .text.Default_Handler
                0x00000000080018f0        0x2 ./Core/Startup/startup_stm32f407vetx.o
                0x00000000080018f0                RTC_Alarm_IRQHandler
                0x00000000080018f0                HASH_RNG_IRQHandler
                0x00000000080018f0                EXTI2_IRQHandler
                0x00000000080018f0                TIM8_CC_IRQHandler
                0x00000000080018f0                TIM1_CC_IRQHandler
                0x00000000080018f0                DMA1_Stream5_IRQHandler
                0x00000000080018f0                PVD_IRQHandler
                0x00000000080018f0                TAMP_STAMP_IRQHandler
                0x00000000080018f0                CAN2_RX1_IRQHandler
                0x00000000080018f0                EXTI3_IRQHandler
                0x00000000080018f0                TIM1_UP_TIM10_IRQHandler
                0x00000000080018f0                TIM8_UP_TIM13_IRQHandler
                0x00000000080018f0                I2C3_ER_IRQHandler
                0x00000000080018f0                EXTI0_IRQHandler
                0x00000000080018f0                I2C2_EV_IRQHandler
                0x00000000080018f0                DMA1_Stream2_IRQHandler
                0x00000000080018f0                CAN1_RX0_IRQHandler
                0x00000000080018f0                FPU_IRQHandler
                0x00000000080018f0                OTG_HS_WKUP_IRQHandler
                0x00000000080018f0                CAN2_SCE_IRQHandler
                0x00000000080018f0                DMA2_Stream2_IRQHandler
                0x00000000080018f0                TIM6_DAC_IRQHandler
                0x00000000080018f0                TIM1_BRK_TIM9_IRQHandler
                0x00000000080018f0                DCMI_IRQHandler
                0x00000000080018f0                CAN2_RX0_IRQHandler
                0x00000000080018f0                USART6_IRQHandler
                0x00000000080018f0                USART3_IRQHandler
                0x00000000080018f0                CAN1_RX1_IRQHandler
                0x00000000080018f0                UART5_IRQHandler
                0x00000000080018f0                DMA2_Stream0_IRQHandler
                0x00000000080018f0                TIM4_IRQHandler
                0x00000000080018f0                I2C1_EV_IRQHandler
                0x00000000080018f0                DMA1_Stream6_IRQHandler
                0x00000000080018f0                DMA1_Stream1_IRQHandler
                0x00000000080018f0                UART4_IRQHandler
                0x00000000080018f0                TIM3_IRQHandler
                0x00000000080018f0                RCC_IRQHandler
                0x00000000080018f0                TIM8_BRK_TIM12_IRQHandler
                0x00000000080018f0                Default_Handler
                0x00000000080018f0                EXTI15_10_IRQHandler
                0x00000000080018f0                ADC_IRQHandler
                0x00000000080018f0                DMA1_Stream7_IRQHandler
                0x00000000080018f0                TIM7_IRQHandler
                0x00000000080018f0                CAN2_TX_IRQHandler
                0x00000000080018f0                TIM5_IRQHandler
                0x00000000080018f0                DMA2_Stream7_IRQHandler
                0x00000000080018f0                I2C3_EV_IRQHandler
                0x00000000080018f0                EXTI9_5_IRQHandler
                0x00000000080018f0                RTC_WKUP_IRQHandler
                0x00000000080018f0                ETH_WKUP_IRQHandler
                0x00000000080018f0                SPI2_IRQHandler
                0x00000000080018f0                OTG_HS_EP1_IN_IRQHandler
                0x00000000080018f0                DMA1_Stream0_IRQHandler
                0x00000000080018f0                CAN1_TX_IRQHandler
                0x00000000080018f0                EXTI4_IRQHandler
                0x00000000080018f0                FSMC_IRQHandler
                0x00000000080018f0                ETH_IRQHandler
                0x00000000080018f0                OTG_HS_EP1_OUT_IRQHandler
                0x00000000080018f0                WWDG_IRQHandler
                0x00000000080018f0                TIM2_IRQHandler
                0x00000000080018f0                OTG_FS_WKUP_IRQHandler
                0x00000000080018f0                TIM1_TRG_COM_TIM11_IRQHandler
                0x00000000080018f0                OTG_HS_IRQHandler
                0x00000000080018f0                EXTI1_IRQHandler
                0x00000000080018f0                USART2_IRQHandler
                0x00000000080018f0                I2C2_ER_IRQHandler
                0x00000000080018f0                DMA2_Stream1_IRQHandler
                0x00000000080018f0                CAN1_SCE_IRQHandler
                0x00000000080018f0                FLASH_IRQHandler
                0x00000000080018f0                DMA2_Stream4_IRQHandler
                0x00000000080018f0                USART1_IRQHandler
                0x00000000080018f0                OTG_FS_IRQHandler
                0x00000000080018f0                SPI3_IRQHandler
                0x00000000080018f0                DMA1_Stream4_IRQHandler
                0x00000000080018f0                I2C1_ER_IRQHandler
                0x00000000080018f0                DMA1_Stream3_IRQHandler
 *fill*         0x00000000080018f2        0x2 
 .text.HAL_Init
                0x00000000080018f4       0x44 ./Drivers/STM32F4xx_HAL_Driver/Src/stm32f4xx_hal.o
                0x00000000080018f4                HAL_Init
 .text.HAL_IncTick
                0x0000000008001938       0x28 ./Drivers/STM32F4xx_HAL_Driver/Src/stm32f4xx_hal.o
                0x0000000008001938                HAL_IncTick
 .text.HAL_GetTick
                0x0000000008001960       0x18 ./Drivers/STM32F4xx_HAL_Driver/Src/stm32f4xx_hal.o
                0x0000000008001960                HAL_GetTick
 .text.HAL_Delay
                0x0000000008001978       0x48 ./Drivers/STM32F4xx_HAL_Driver/Src/stm32f4xx_hal.o
                0x0000000008001978                HAL_Delay
 .text.__NVIC_SetPriorityGrouping
                0x00000000080019c0       0x48 ./Drivers/STM32F4xx_HAL_Driver/Src/stm32f4xx_hal_cortex.o
 .text.__NVIC_GetPriorityGrouping
                0x0000000008001a08       0x1c ./Drivers/STM32F4xx_HAL_Driver/Src/stm32f4xx_hal_cortex.o
 .text.__NVIC_EnableIRQ
                0x0000000008001a24       0x3c ./Drivers/STM32F4xx_HAL_Driver/Src/stm32f4xx_hal_cortex.o
 .text.__NVIC_SetPriority
                0x0000000008001a60       0x54 ./Drivers/STM32F4xx_HAL_Driver/Src/stm32f4xx_hal_cortex.o
 .text.NVIC_EncodePriority
                0x0000000008001ab4       0x66 ./Drivers/STM32F4xx_HAL_Driver/Src/stm32f4xx_hal_cortex.o
 .text.HAL_NVIC_SetPriorityGrouping
                0x0000000008001b1a       0x16 ./Drivers/STM32F4xx_HAL_Driver/Src/stm32f4xx_hal_cortex.o
                0x0000000008001b1a                HAL_NVIC_SetPriorityGrouping
 .text.HAL_NVIC_SetPriority
                0x0000000008001b30       0x38 ./Drivers/STM32F4xx_HAL_Driver/Src/stm32f4xx_hal_cortex.o
                0x0000000008001b30                HAL_NVIC_SetPriority
 .text.HAL_NVIC_EnableIRQ
                0x0000000008001b68       0x1c ./Drivers/STM32F4xx_HAL_Driver/Src/stm32f4xx_hal_cortex.o
                0x0000000008001b68                HAL_NVIC_EnableIRQ
 .text.HAL_DMA_Init
                0x0000000008001b84      0x15c ./Drivers/STM32F4xx_HAL_Driver/Src/stm32f4xx_hal_dma.o
                0x0000000008001b84                HAL_DMA_Init
 .text.HAL_DMA_Start_IT
                0x0000000008001ce0       0xb0 ./Drivers/STM32F4xx_HAL_Driver/Src/stm32f4xx_hal_dma.o
                0x0000000008001ce0                HAL_DMA_Start_IT
 .text.HAL_DMA_Abort_IT
                0x0000000008001d90       0x44 ./Drivers/STM32F4xx_HAL_Driver/Src/stm32f4xx_hal_dma.o
                0x0000000008001d90                HAL_DMA_Abort_IT
 .text.HAL_DMA_IRQHandler
                0x0000000008001dd4      0x314 ./Drivers/STM32F4xx_HAL_Driver/Src/stm32f4xx_hal_dma.o
                0x0000000008001dd4                HAL_DMA_IRQHandler
 .text.HAL_DMA_GetError
                0x00000000080020e8       0x18 ./Drivers/STM32F4xx_HAL_Driver/Src/stm32f4xx_hal_dma.o
                0x00000000080020e8                HAL_DMA_GetError
 .text.DMA_SetConfig
                0x0000000008002100       0x5c ./Drivers/STM32F4xx_HAL_Driver/Src/stm32f4xx_hal_dma.o
 .text.DMA_CalcBaseAndBitshift
                0x000000000800215c       0x6c ./Drivers/STM32F4xx_HAL_Driver/Src/stm32f4xx_hal_dma.o
 .text.DMA_CheckFifoParam
                0x00000000080021c8       0xf8 ./Drivers/STM32F4xx_HAL_Driver/Src/stm32f4xx_hal_dma.o
 .text.HAL_GPIO_Init
                0x00000000080022c0      0x338 ./Drivers/STM32F4xx_HAL_Driver/Src/stm32f4xx_hal_gpio.o
                0x00000000080022c0                HAL_GPIO_Init
 .text.HAL_GPIO_ReadPin
                0x00000000080025f8       0x30 ./Drivers/STM32F4xx_HAL_Driver/Src/stm32f4xx_hal_gpio.o
                0x00000000080025f8                HAL_GPIO_ReadPin
 .text.HAL_GPIO_WritePin
                0x0000000008002628       0x32 ./Drivers/STM32F4xx_HAL_Driver/Src/stm32f4xx_hal_gpio.o
                0x0000000008002628                HAL_GPIO_WritePin
 *fill*         0x000000000800265a        0x2 
 .text.HAL_RCC_OscConfig
                0x000000000800265c      0x4f0 ./Drivers/STM32F4xx_HAL_Driver/Src/stm32f4xx_hal_rcc.o
                0x000000000800265c                HAL_RCC_OscConfig
 .text.HAL_RCC_ClockConfig
                0x0000000008002b4c      0x1cc ./Drivers/STM32F4xx_HAL_Driver/Src/stm32f4xx_hal_rcc.o
                0x0000000008002b4c                HAL_RCC_ClockConfig
 .text.HAL_RCC_GetSysClockFreq
                0x0000000008002d18      0x18c ./Drivers/STM32F4xx_HAL_Driver/Src/stm32f4xx_hal_rcc.o
                0x0000000008002d18                HAL_RCC_GetSysClockFreq
 .text.HAL_RCC_GetHCLKFreq
                0x0000000008002ea4       0x18 ./Drivers/STM32F4xx_HAL_Driver/Src/stm32f4xx_hal_rcc.o
                0x0000000008002ea4                HAL_RCC_GetHCLKFreq
 .text.HAL_RCC_GetPCLK1Freq
                0x0000000008002ebc       0x28 ./Drivers/STM32F4xx_HAL_Driver/Src/stm32f4xx_hal_rcc.o
                0x0000000008002ebc                HAL_RCC_GetPCLK1Freq
 .text.HAL_RCC_GetClockConfig
                0x0000000008002ee4       0x64 ./Drivers/STM32F4xx_HAL_Driver/Src/stm32f4xx_hal_rcc.o
                0x0000000008002ee4                HAL_RCC_GetClockConfig
 .text.HAL_SD_Init
                0x0000000008002f48       0x60 ./Drivers/STM32F4xx_HAL_Driver/Src/stm32f4xx_hal_sd.o
                0x0000000008002f48                HAL_SD_Init
 .text.HAL_SD_InitCard
                0x0000000008002fa8      0x100 ./Drivers/STM32F4xx_HAL_Driver/Src/stm32f4xx_hal_sd.o
                0x0000000008002fa8                HAL_SD_InitCard
 .text.HAL_SD_ReadBlocks_DMA
                0x00000000080030a8      0x1c4 ./Drivers/STM32F4xx_HAL_Driver/Src/stm32f4xx_hal_sd.o
                0x00000000080030a8                HAL_SD_ReadBlocks_DMA
 .text.HAL_SD_WriteBlocks_DMA
                0x000000000800326c      0x1cc ./Drivers/STM32F4xx_HAL_Driver/Src/stm32f4xx_hal_sd.o
                0x000000000800326c                HAL_SD_WriteBlocks_DMA
 .text.HAL_SD_IRQHandler
                0x0000000008003438      0x30c ./Drivers/STM32F4xx_HAL_Driver/Src/stm32f4xx_hal_sd.o
                0x0000000008003438                HAL_SD_IRQHandler
 .text.HAL_SD_ErrorCallback
                0x0000000008003744       0x14 ./Drivers/STM32F4xx_HAL_Driver/Src/stm32f4xx_hal_sd.o
                0x0000000008003744                HAL_SD_ErrorCallback
 .text.HAL_SD_GetCardCSD
                0x0000000008003758      0x348 ./Drivers/STM32F4xx_HAL_Driver/Src/stm32f4xx_hal_sd.o
                0x0000000008003758                HAL_SD_GetCardCSD
 .text.HAL_SD_GetCardInfo
                0x0000000008003aa0       0x58 ./Drivers/STM32F4xx_HAL_Driver/Src/stm32f4xx_hal_sd.o
                0x0000000008003aa0                HAL_SD_GetCardInfo
 .text.HAL_SD_ConfigWideBusOperation
                0x0000000008003af8      0x134 ./Drivers/STM32F4xx_HAL_Driver/Src/stm32f4xx_hal_sd.o
                0x0000000008003af8                HAL_SD_ConfigWideBusOperation
 .text.HAL_SD_GetCardState
                0x0000000008003c2c       0x40 ./Drivers/STM32F4xx_HAL_Driver/Src/stm32f4xx_hal_sd.o
                0x0000000008003c2c                HAL_SD_GetCardState
 .text.SD_DMATransmitCplt
                0x0000000008003c6c       0x2a ./Drivers/STM32F4xx_HAL_Driver/Src/stm32f4xx_hal_sd.o
 .text.SD_DMAReceiveCplt
                0x0000000008003c96       0x70 ./Drivers/STM32F4xx_HAL_Driver/Src/stm32f4xx_hal_sd.o
 *fill*         0x0000000008003d06        0x2 
 .text.SD_DMAError
                0x0000000008003d08       0xa4 ./Drivers/STM32F4xx_HAL_Driver/Src/stm32f4xx_hal_sd.o
 .text.SD_DMATxAbort
                0x0000000008003dac       0x6e ./Drivers/STM32F4xx_HAL_Driver/Src/stm32f4xx_hal_sd.o
 .text.SD_DMARxAbort
                0x0000000008003e1a       0x6e ./Drivers/STM32F4xx_HAL_Driver/Src/stm32f4xx_hal_sd.o
 .text.SD_InitCard
                0x0000000008003e88      0x19c ./Drivers/STM32F4xx_HAL_Driver/Src/stm32f4xx_hal_sd.o
 .text.SD_PowerON
                0x0000000008004024      0x11c ./Drivers/STM32F4xx_HAL_Driver/Src/stm32f4xx_hal_sd.o
 .text.SD_SendStatus
                0x0000000008004140       0x50 ./Drivers/STM32F4xx_HAL_Driver/Src/stm32f4xx_hal_sd.o
 .text.SD_WideBus_Enable
                0x0000000008004190       0x96 ./Drivers/STM32F4xx_HAL_Driver/Src/stm32f4xx_hal_sd.o
 .text.SD_WideBus_Disable
                0x0000000008004226       0x96 ./Drivers/STM32F4xx_HAL_Driver/Src/stm32f4xx_hal_sd.o
 .text.SD_FindSCR
                0x00000000080042bc      0x1a6 ./Drivers/STM32F4xx_HAL_Driver/Src/stm32f4xx_hal_sd.o
 .text.SD_Read_IT
                0x0000000008004462       0xa2 ./Drivers/STM32F4xx_HAL_Driver/Src/stm32f4xx_hal_sd.o
 .text.SD_Write_IT
                0x0000000008004504       0xaa ./Drivers/STM32F4xx_HAL_Driver/Src/stm32f4xx_hal_sd.o
 .text.HAL_SPI_Init
                0x00000000080045ae      0x112 ./Drivers/STM32F4xx_HAL_Driver/Src/stm32f4xx_hal_spi.o
                0x00000000080045ae                HAL_SPI_Init
 .text.HAL_SPI_Transmit
                0x00000000080046c0      0x278 ./Drivers/STM32F4xx_HAL_Driver/Src/stm32f4xx_hal_spi.o
                0x00000000080046c0                HAL_SPI_Transmit
 .text.HAL_SPI_Transmit_DMA
                0x0000000008004938      0x16c ./Drivers/STM32F4xx_HAL_Driver/Src/stm32f4xx_hal_spi.o
                0x0000000008004938                HAL_SPI_Transmit_DMA
 .text.HAL_SPI_IRQHandler
                0x0000000008004aa4      0x200 ./Drivers/STM32F4xx_HAL_Driver/Src/stm32f4xx_hal_spi.o
                0x0000000008004aa4                HAL_SPI_IRQHandler
 .text.HAL_SPI_TxHalfCpltCallback
                0x0000000008004ca4       0x14 ./Drivers/STM32F4xx_HAL_Driver/Src/stm32f4xx_hal_spi.o
                0x0000000008004ca4                HAL_SPI_TxHalfCpltCallback
 .text.HAL_SPI_ErrorCallback
                0x0000000008004cb8       0x14 ./Drivers/STM32F4xx_HAL_Driver/Src/stm32f4xx_hal_spi.o
                0x0000000008004cb8                HAL_SPI_ErrorCallback
 .text.SPI_DMATransmitCplt
                0x0000000008004ccc       0xa8 ./Drivers/STM32F4xx_HAL_Driver/Src/stm32f4xx_hal_spi.o
 .text.SPI_DMAHalfTransmitCplt
                0x0000000008004d74       0x1c ./Drivers/STM32F4xx_HAL_Driver/Src/stm32f4xx_hal_spi.o
 .text.SPI_DMAError
                0x0000000008004d90       0x40 ./Drivers/STM32F4xx_HAL_Driver/Src/stm32f4xx_hal_spi.o
 .text.SPI_DMAAbortOnError
                0x0000000008004dd0       0x28 ./Drivers/STM32F4xx_HAL_Driver/Src/stm32f4xx_hal_spi.o
 .text.SPI_WaitFlagStateUntilTimeout
                0x0000000008004df8      0x110 ./Drivers/STM32F4xx_HAL_Driver/Src/stm32f4xx_hal_spi.o
 .text.SPI_EndRxTxTransaction
                0x0000000008004f08       0x84 ./Drivers/STM32F4xx_HAL_Driver/Src/stm32f4xx_hal_spi.o
 .text.HAL_TIM_Base_Init
                0x0000000008004f8c       0x9e ./Drivers/STM32F4xx_HAL_Driver/Src/stm32f4xx_hal_tim.o
                0x0000000008004f8c                HAL_TIM_Base_Init
 .text.HAL_TIM_Base_MspInit
                0x000000000800502a       0x14 ./Drivers/STM32F4xx_HAL_Driver/Src/stm32f4xx_hal_tim.o
                0x000000000800502a                HAL_TIM_Base_MspInit
 *fill*         0x000000000800503e        0x2 
 .text.HAL_TIM_Base_Start_IT
                0x0000000008005040       0xe0 ./Drivers/STM32F4xx_HAL_Driver/Src/stm32f4xx_hal_tim.o
                0x0000000008005040                HAL_TIM_Base_Start_IT
 .text.HAL_TIM_PWM_Init
                0x0000000008005120       0x9e ./Drivers/STM32F4xx_HAL_Driver/Src/stm32f4xx_hal_tim.o
                0x0000000008005120                HAL_TIM_PWM_Init
 *fill*         0x00000000080051be        0x2 
 .text.HAL_TIM_PWM_Start
                0x00000000080051c0      0x190 ./Drivers/STM32F4xx_HAL_Driver/Src/stm32f4xx_hal_tim.o
                0x00000000080051c0                HAL_TIM_PWM_Start
 .text.HAL_TIM_IRQHandler
                0x0000000008005350      0x210 ./Drivers/STM32F4xx_HAL_Driver/Src/stm32f4xx_hal_tim.o
                0x0000000008005350                HAL_TIM_IRQHandler
 .text.HAL_TIM_PWM_ConfigChannel
                0x0000000008005560      0x184 ./Drivers/STM32F4xx_HAL_Driver/Src/stm32f4xx_hal_tim.o
                0x0000000008005560                HAL_TIM_PWM_ConfigChannel
 .text.HAL_TIM_OC_DelayElapsedCallback
                0x00000000080056e4       0x14 ./Drivers/STM32F4xx_HAL_Driver/Src/stm32f4xx_hal_tim.o
                0x00000000080056e4                HAL_TIM_OC_DelayElapsedCallback
 .text.HAL_TIM_IC_CaptureCallback
                0x00000000080056f8       0x14 ./Drivers/STM32F4xx_HAL_Driver/Src/stm32f4xx_hal_tim.o
                0x00000000080056f8                HAL_TIM_IC_CaptureCallback
 .text.HAL_TIM_PWM_PulseFinishedCallback
                0x000000000800570c       0x14 ./Drivers/STM32F4xx_HAL_Driver/Src/stm32f4xx_hal_tim.o
                0x000000000800570c                HAL_TIM_PWM_PulseFinishedCallback
 .text.HAL_TIM_TriggerCallback
                0x0000000008005720       0x14 ./Drivers/STM32F4xx_HAL_Driver/Src/stm32f4xx_hal_tim.o
                0x0000000008005720                HAL_TIM_TriggerCallback
 .text.TIM_Base_SetConfig
                0x0000000008005734      0x140 ./Drivers/STM32F4xx_HAL_Driver/Src/stm32f4xx_hal_tim.o
                0x0000000008005734                TIM_Base_SetConfig
 .text.TIM_OC1_SetConfig
                0x0000000008005874       0xe0 ./Drivers/STM32F4xx_HAL_Driver/Src/stm32f4xx_hal_tim.o
 .text.TIM_OC2_SetConfig
                0x0000000008005954       0xec ./Drivers/STM32F4xx_HAL_Driver/Src/stm32f4xx_hal_tim.o
                0x0000000008005954                TIM_OC2_SetConfig
 .text.TIM_OC3_SetConfig
                0x0000000008005a40       0xe8 ./Drivers/STM32F4xx_HAL_Driver/Src/stm32f4xx_hal_tim.o
 .text.TIM_OC4_SetConfig
                0x0000000008005b28       0xac ./Drivers/STM32F4xx_HAL_Driver/Src/stm32f4xx_hal_tim.o
 .text.TIM_CCxChannelCmd
                0x0000000008005bd4       0x4a ./Drivers/STM32F4xx_HAL_Driver/Src/stm32f4xx_hal_tim.o
                0x0000000008005bd4                TIM_CCxChannelCmd
 *fill*         0x0000000008005c1e        0x2 
 .text.HAL_TIMEx_MasterConfigSynchronization
                0x0000000008005c20       0xf8 ./Drivers/STM32F4xx_HAL_Driver/Src/stm32f4xx_hal_tim_ex.o
                0x0000000008005c20                HAL_TIMEx_MasterConfigSynchronization
 .text.HAL_TIMEx_CommutCallback
                0x0000000008005d18       0x14 ./Drivers/STM32F4xx_HAL_Driver/Src/stm32f4xx_hal_tim_ex.o
                0x0000000008005d18                HAL_TIMEx_CommutCallback
 .text.HAL_TIMEx_BreakCallback
                0x0000000008005d2c       0x14 ./Drivers/STM32F4xx_HAL_Driver/Src/stm32f4xx_hal_tim_ex.o
                0x0000000008005d2c                HAL_TIMEx_BreakCallback
 .text.SDIO_Init
                0x0000000008005d40       0x56 ./Drivers/STM32F4xx_HAL_Driver/Src/stm32f4xx_ll_sdmmc.o
                0x0000000008005d40                SDIO_Init
 .text.SDIO_ReadFIFO
                0x0000000008005d96       0x1a ./Drivers/STM32F4xx_HAL_Driver/Src/stm32f4xx_ll_sdmmc.o
                0x0000000008005d96                SDIO_ReadFIFO
 .text.SDIO_WriteFIFO
                0x0000000008005db0       0x22 ./Drivers/STM32F4xx_HAL_Driver/Src/stm32f4xx_ll_sdmmc.o
                0x0000000008005db0                SDIO_WriteFIFO
 .text.SDIO_PowerState_ON
                0x0000000008005dd2       0x1c ./Drivers/STM32F4xx_HAL_Driver/Src/stm32f4xx_ll_sdmmc.o
                0x0000000008005dd2                SDIO_PowerState_ON
 .text.SDIO_GetPowerState
                0x0000000008005dee       0x1c ./Drivers/STM32F4xx_HAL_Driver/Src/stm32f4xx_ll_sdmmc.o
                0x0000000008005dee                SDIO_GetPowerState
 .text.SDIO_SendCommand
                0x0000000008005e0a       0x54 ./Drivers/STM32F4xx_HAL_Driver/Src/stm32f4xx_ll_sdmmc.o
                0x0000000008005e0a                SDIO_SendCommand
 .text.SDIO_GetCommandResponse
                0x0000000008005e5e       0x1a ./Drivers/STM32F4xx_HAL_Driver/Src/stm32f4xx_ll_sdmmc.o
                0x0000000008005e5e                SDIO_GetCommandResponse
 .text.SDIO_GetResponse
                0x0000000008005e78       0x26 ./Drivers/STM32F4xx_HAL_Driver/Src/stm32f4xx_ll_sdmmc.o
                0x0000000008005e78                SDIO_GetResponse
 .text.SDIO_ConfigData
                0x0000000008005e9e       0x58 ./Drivers/STM32F4xx_HAL_Driver/Src/stm32f4xx_ll_sdmmc.o
                0x0000000008005e9e                SDIO_ConfigData
 .text.SDMMC_CmdBlockLength
                0x0000000008005ef6       0x44 ./Drivers/STM32F4xx_HAL_Driver/Src/stm32f4xx_ll_sdmmc.o
                0x0000000008005ef6                SDMMC_CmdBlockLength
 .text.SDMMC_CmdReadSingleBlock
                0x0000000008005f3a       0x44 ./Drivers/STM32F4xx_HAL_Driver/Src/stm32f4xx_ll_sdmmc.o
                0x0000000008005f3a                SDMMC_CmdReadSingleBlock
 .text.SDMMC_CmdReadMultiBlock
                0x0000000008005f7e       0x44 ./Drivers/STM32F4xx_HAL_Driver/Src/stm32f4xx_ll_sdmmc.o
                0x0000000008005f7e                SDMMC_CmdReadMultiBlock
 .text.SDMMC_CmdWriteSingleBlock
                0x0000000008005fc2       0x44 ./Drivers/STM32F4xx_HAL_Driver/Src/stm32f4xx_ll_sdmmc.o
                0x0000000008005fc2                SDMMC_CmdWriteSingleBlock
 .text.SDMMC_CmdWriteMultiBlock
                0x0000000008006006       0x44 ./Drivers/STM32F4xx_HAL_Driver/Src/stm32f4xx_ll_sdmmc.o
                0x0000000008006006                SDMMC_CmdWriteMultiBlock
 *fill*         0x000000000800604a        0x2 
 .text.SDMMC_CmdStopTransfer
                0x000000000800604c       0x44 ./Drivers/STM32F4xx_HAL_Driver/Src/stm32f4xx_ll_sdmmc.o
                0x000000000800604c                SDMMC_CmdStopTransfer
 .text.SDMMC_CmdSelDesel
                0x0000000008006090       0x46 ./Drivers/STM32F4xx_HAL_Driver/Src/stm32f4xx_ll_sdmmc.o
                0x0000000008006090                SDMMC_CmdSelDesel
 .text.SDMMC_CmdGoIdleState
                0x00000000080060d6       0x3c ./Drivers/STM32F4xx_HAL_Driver/Src/stm32f4xx_ll_sdmmc.o
                0x00000000080060d6                SDMMC_CmdGoIdleState
 .text.SDMMC_CmdOperCond
                0x0000000008006112       0x3e ./Drivers/STM32F4xx_HAL_Driver/Src/stm32f4xx_ll_sdmmc.o
                0x0000000008006112                SDMMC_CmdOperCond
 .text.SDMMC_CmdAppCommand
                0x0000000008006150       0x44 ./Drivers/STM32F4xx_HAL_Driver/Src/stm32f4xx_ll_sdmmc.o
                0x0000000008006150                SDMMC_CmdAppCommand
 .text.SDMMC_CmdAppOperCommand
                0x0000000008006194       0x46 ./Drivers/STM32F4xx_HAL_Driver/Src/stm32f4xx_ll_sdmmc.o
                0x0000000008006194                SDMMC_CmdAppOperCommand
 .text.SDMMC_CmdBusWidth
                0x00000000080061da       0x44 ./Drivers/STM32F4xx_HAL_Driver/Src/stm32f4xx_ll_sdmmc.o
                0x00000000080061da                SDMMC_CmdBusWidth
 .text.SDMMC_CmdSendSCR
                0x000000000800621e       0x42 ./Drivers/STM32F4xx_HAL_Driver/Src/stm32f4xx_ll_sdmmc.o
                0x000000000800621e                SDMMC_CmdSendSCR
 .text.SDMMC_CmdSendCID
                0x0000000008006260       0x3c ./Drivers/STM32F4xx_HAL_Driver/Src/stm32f4xx_ll_sdmmc.o
                0x0000000008006260                SDMMC_CmdSendCID
 .text.SDMMC_CmdSendCSD
                0x000000000800629c       0x3e ./Drivers/STM32F4xx_HAL_Driver/Src/stm32f4xx_ll_sdmmc.o
                0x000000000800629c                SDMMC_CmdSendCSD
 .text.SDMMC_CmdSetRelAdd
                0x00000000080062da       0x42 ./Drivers/STM32F4xx_HAL_Driver/Src/stm32f4xx_ll_sdmmc.o
                0x00000000080062da                SDMMC_CmdSetRelAdd
 .text.SDMMC_CmdSendStatus
                0x000000000800631c       0x44 ./Drivers/STM32F4xx_HAL_Driver/Src/stm32f4xx_ll_sdmmc.o
                0x000000000800631c                SDMMC_CmdSendStatus
 .text.SDMMC_GetCmdResp1
                0x0000000008006360      0x1dc ./Drivers/STM32F4xx_HAL_Driver/Src/stm32f4xx_ll_sdmmc.o
                0x0000000008006360                SDMMC_GetCmdResp1
 .text.SDMMC_GetCmdResp2
                0x000000000800653c       0x90 ./Drivers/STM32F4xx_HAL_Driver/Src/stm32f4xx_ll_sdmmc.o
                0x000000000800653c                SDMMC_GetCmdResp2
 .text.SDMMC_GetCmdResp3
                0x00000000080065cc       0x7c ./Drivers/STM32F4xx_HAL_Driver/Src/stm32f4xx_ll_sdmmc.o
                0x00000000080065cc                SDMMC_GetCmdResp3
 .text.SDMMC_GetCmdResp6
                0x0000000008006648       0xec ./Drivers/STM32F4xx_HAL_Driver/Src/stm32f4xx_ll_sdmmc.o
                0x0000000008006648                SDMMC_GetCmdResp6
 .text.SDMMC_GetCmdResp7
                0x0000000008006734       0x9c ./Drivers/STM32F4xx_HAL_Driver/Src/stm32f4xx_ll_sdmmc.o
                0x0000000008006734                SDMMC_GetCmdResp7
 .text.SDMMC_GetCmdError
                0x00000000080067d0       0x58 ./Drivers/STM32F4xx_HAL_Driver/Src/stm32f4xx_ll_sdmmc.o
 .text.MX_FATFS_Init
                0x0000000008006828       0x24 ./FATFS/App/fatfs.o
                0x0000000008006828                MX_FATFS_Init
 .text.get_fattime
                0x000000000800684c       0x10 ./FATFS/App/fatfs.o
                0x000000000800684c                get_fattime
 .text.BSP_SD_Init
                0x000000000800685c       0x4c ./FATFS/Target/bsp_driver_sd.o
                0x000000000800685c                BSP_SD_Init
 .text.BSP_SD_ReadBlocks_DMA
                0x00000000080068a8       0x34 ./FATFS/Target/bsp_driver_sd.o
                0x00000000080068a8                BSP_SD_ReadBlocks_DMA
 .text.BSP_SD_WriteBlocks_DMA
                0x00000000080068dc       0x34 ./FATFS/Target/bsp_driver_sd.o
                0x00000000080068dc                BSP_SD_WriteBlocks_DMA
 .text.BSP_SD_GetCardState
                0x0000000008006910       0x20 ./FATFS/Target/bsp_driver_sd.o
                0x0000000008006910                BSP_SD_GetCardState
 .text.BSP_SD_GetCardInfo
                0x0000000008006930       0x1c ./FATFS/Target/bsp_driver_sd.o
                0x0000000008006930                BSP_SD_GetCardInfo
 .text.HAL_SD_AbortCallback
                0x000000000800694c       0x14 ./FATFS/Target/bsp_driver_sd.o
                0x000000000800694c                HAL_SD_AbortCallback
 .text.HAL_SD_TxCpltCallback
                0x0000000008006960       0x14 ./FATFS/Target/bsp_driver_sd.o
                0x0000000008006960                HAL_SD_TxCpltCallback
 .text.HAL_SD_RxCpltCallback
                0x0000000008006974       0x14 ./FATFS/Target/bsp_driver_sd.o
                0x0000000008006974                HAL_SD_RxCpltCallback
 .text.BSP_SD_AbortCallback
                0x0000000008006988        0xe ./FATFS/Target/bsp_driver_sd.o
                0x0000000008006988                BSP_SD_AbortCallback
 .text.BSP_SD_IsDetected
                0x0000000008006996       0x24 ./FATFS/Target/bsp_driver_sd.o
                0x0000000008006996                BSP_SD_IsDetected
 *fill*         0x00000000080069ba        0x2 
 .text.BSP_PlatformIsDetected
                0x00000000080069bc       0x2c ./FATFS/Target/fatfs_platform.o
                0x00000000080069bc                BSP_PlatformIsDetected
 .text.SD_CheckStatusWithTimeout
                0x00000000080069e8       0x3a ./FATFS/Target/sd_diskio.o
 *fill*         0x0000000008006a22        0x2 
 .text.SD_CheckStatus
                0x0000000008006a24       0x3c ./FATFS/Target/sd_diskio.o
 .text.SD_initialize
                0x0000000008006a60       0x38 ./FATFS/Target/sd_diskio.o
                0x0000000008006a60                SD_initialize
 .text.SD_status
                0x0000000008006a98       0x1c ./FATFS/Target/sd_diskio.o
                0x0000000008006a98                SD_status
 .text.SD_read  0x0000000008006ab4      0x150 ./FATFS/Target/sd_diskio.o
                0x0000000008006ab4                SD_read
 .text.SD_write
                0x0000000008006c04      0x14c ./FATFS/Target/sd_diskio.o
                0x0000000008006c04                SD_write
 .text.SD_ioctl
                0x0000000008006d50       0xb0 ./FATFS/Target/sd_diskio.o
                0x0000000008006d50                SD_ioctl
 .text.BSP_SD_WriteCpltCallback
                0x0000000008006e00       0x18 ./FATFS/Target/sd_diskio.o
                0x0000000008006e00                BSP_SD_WriteCpltCallback
 .text.BSP_SD_ReadCpltCallback
                0x0000000008006e18       0x18 ./FATFS/Target/sd_diskio.o
                0x0000000008006e18                BSP_SD_ReadCpltCallback
 .text.disk_status
                0x0000000008006e30       0x34 ./Middlewares/Third_Party/FatFs/src/diskio.o
                0x0000000008006e30                disk_status
 .text.disk_initialize
                0x0000000008006e64       0x4c ./Middlewares/Third_Party/FatFs/src/diskio.o
                0x0000000008006e64                disk_initialize
 .text.disk_read
                0x0000000008006eb0       0x40 ./Middlewares/Third_Party/FatFs/src/diskio.o
                0x0000000008006eb0                disk_read
 .text.disk_write
                0x0000000008006ef0       0x40 ./Middlewares/Third_Party/FatFs/src/diskio.o
                0x0000000008006ef0                disk_write
 .text.disk_ioctl
                0x0000000008006f30       0x3c ./Middlewares/Third_Party/FatFs/src/diskio.o
                0x0000000008006f30                disk_ioctl
 .text.ld_word  0x0000000008006f6c       0x30 ./Middlewares/Third_Party/FatFs/src/ff.o
 .text.ld_dword
                0x0000000008006f9c       0x46 ./Middlewares/Third_Party/FatFs/src/ff.o
 .text.st_word  0x0000000008006fe2       0x36 ./Middlewares/Third_Party/FatFs/src/ff.o
 .text.st_dword
                0x0000000008007018       0x58 ./Middlewares/Third_Party/FatFs/src/ff.o
 .text.mem_cpy  0x0000000008007070       0x42 ./Middlewares/Third_Party/FatFs/src/ff.o
 .text.mem_set  0x00000000080070b2       0x36 ./Middlewares/Third_Party/FatFs/src/ff.o
 .text.mem_cmp  0x00000000080070e8       0x4e ./Middlewares/Third_Party/FatFs/src/ff.o
 .text.chk_chr  0x0000000008007136       0x36 ./Middlewares/Third_Party/FatFs/src/ff.o
 .text.chk_lock
                0x000000000800716c       0xb8 ./Middlewares/Third_Party/FatFs/src/ff.o
 .text.enq_lock
                0x0000000008007224       0x44 ./Middlewares/Third_Party/FatFs/src/ff.o
 .text.inc_lock
                0x0000000008007268      0x11c ./Middlewares/Third_Party/FatFs/src/ff.o
 .text.dec_lock
                0x0000000008007384       0x78 ./Middlewares/Third_Party/FatFs/src/ff.o
 .text.clear_lock
                0x00000000080073fc       0x48 ./Middlewares/Third_Party/FatFs/src/ff.o
 .text.sync_window
                0x0000000008007444       0x88 ./Middlewares/Third_Party/FatFs/src/ff.o
 .text.move_window
                0x00000000080074cc       0x5a ./Middlewares/Third_Party/FatFs/src/ff.o
 *fill*         0x0000000008007526        0x2 
 .text.sync_fs  0x0000000008007528       0xe0 ./Middlewares/Third_Party/FatFs/src/ff.o
 .text.clust2sect
                0x0000000008007608       0x3e ./Middlewares/Third_Party/FatFs/src/ff.o
 .text.get_fat  0x0000000008007646      0x1a8 ./Middlewares/Third_Party/FatFs/src/ff.o
 .text.put_fat  0x00000000080077ee      0x238 ./Middlewares/Third_Party/FatFs/src/ff.o
 .text.remove_chain
                0x0000000008007a26       0xca ./Middlewares/Third_Party/FatFs/src/ff.o
 .text.create_chain
                0x0000000008007af0      0x130 ./Middlewares/Third_Party/FatFs/src/ff.o
 .text.clmt_clust
                0x0000000008007c20       0x70 ./Middlewares/Third_Party/FatFs/src/ff.o
 .text.dir_sdi  0x0000000008007c90      0x112 ./Middlewares/Third_Party/FatFs/src/ff.o
 .text.dir_next
                0x0000000008007da2      0x1ac ./Middlewares/Third_Party/FatFs/src/ff.o
 .text.dir_alloc
                0x0000000008007f4e       0x8e ./Middlewares/Third_Party/FatFs/src/ff.o
 .text.ld_clust
                0x0000000008007fdc       0x3e ./Middlewares/Third_Party/FatFs/src/ff.o
 .text.st_clust
                0x000000000800801a       0x40 ./Middlewares/Third_Party/FatFs/src/ff.o
 .text.dir_find
                0x000000000800805a       0xaa ./Middlewares/Third_Party/FatFs/src/ff.o
 .text.dir_register
                0x0000000008008104       0x64 ./Middlewares/Third_Party/FatFs/src/ff.o
 .text.create_name
                0x0000000008008168      0x128 ./Middlewares/Third_Party/FatFs/src/ff.o
 .text.follow_path
                0x0000000008008290       0xec ./Middlewares/Third_Party/FatFs/src/ff.o
 .text.get_ldnumber
                0x000000000800837c       0x88 ./Middlewares/Third_Party/FatFs/src/ff.o
 .text.check_fs
                0x0000000008008404       0xac ./Middlewares/Third_Party/FatFs/src/ff.o
 .text.find_volume
                0x00000000080084b0      0x500 ./Middlewares/Third_Party/FatFs/src/ff.o
 .text.validate
                0x00000000080089b0       0x6a ./Middlewares/Third_Party/FatFs/src/ff.o
 *fill*         0x0000000008008a1a        0x2 
 .text.f_mount  0x0000000008008a1c       0x8c ./Middlewares/Third_Party/FatFs/src/ff.o
                0x0000000008008a1c                f_mount
 .text.f_open   0x0000000008008aa8      0x398 ./Middlewares/Third_Party/FatFs/src/ff.o
                0x0000000008008aa8                f_open
 .text.f_read   0x0000000008008e40      0x2be ./Middlewares/Third_Party/FatFs/src/ff.o
                0x0000000008008e40                f_read
 .text.f_sync   0x00000000080090fe       0xfc ./Middlewares/Third_Party/FatFs/src/ff.o
                0x00000000080090fe                f_sync
 .text.f_close  0x00000000080091fa       0x54 ./Middlewares/Third_Party/FatFs/src/ff.o
                0x00000000080091fa                f_close
 .text.f_lseek  0x000000000800924e      0x448 ./Middlewares/Third_Party/FatFs/src/ff.o
                0x000000000800924e                f_lseek
 *fill*         0x0000000008009696        0x2 
 .text.FATFS_LinkDriverEx
                0x0000000008009698       0x98 ./Middlewares/Third_Party/FatFs/src/ff_gen_drv.o
                0x0000000008009698                FATFS_LinkDriverEx
 .text.FATFS_LinkDriver
                0x0000000008009730       0x1e ./Middlewares/Third_Party/FatFs/src/ff_gen_drv.o
                0x0000000008009730                FATFS_LinkDriver
 .text._ZN6ScreenC2EP19__SPI_HandleTypeDef
                0x000000000800974e       0x30 ./UserApp/main.o
                0x000000000800974e                Screen::Screen(__SPI_HandleTypeDef*)
                0x000000000800974e                Screen::Screen(__SPI_HandleTypeDef*)
 .text._ZN3AviC2Ev
                0x000000000800977e       0x28 ./UserApp/main.o
                0x000000000800977e                Avi::Avi()
                0x000000000800977e                Avi::Avi()
 *fill*         0x00000000080097a6        0x2 
 .text.Main     0x00000000080097a8       0xb8 ./UserApp/main.o
                0x00000000080097a8                Main
 .text._Z4jpegPhi
                0x0000000008009860       0x50 ./UserApp/main.o
                0x0000000008009860                jpeg(unsigned char*, int)
 .text._Z8DrawJpegP13jpeg_draw_tag
                0x00000000080098b0      0x120 ./UserApp/main.o
                0x00000000080098b0                DrawJpeg(jpeg_draw_tag*)
 .text.HAL_SPI_TxCpltCallback
                0x00000000080099d0       0x20 ./UserApp/main.o
                0x00000000080099d0                HAL_SPI_TxCpltCallback
 .text._Z41__static_initialization_and_destruction_0ii
                0x00000000080099f0       0x3c ./UserApp/main.o
 .text._GLOBAL__sub_I_LCD
                0x0000000008009a2c       0x10 ./UserApp/main.o
 .text._ZN3Avi4InitEv
                0x0000000008009a3c       0x38 ./avi/aviparser.o
                0x0000000008009a3c                Avi::Init()
 .text._ZN3Avi8getFrameEPhRi
                0x0000000008009a74      0x124 ./avi/aviparser.o
                0x0000000008009a74                Avi::getFrame(unsigned char*, int&)
 .text._ZN3Avi9readChunkEPNS_11ChunkHeaderE
                0x0000000008009b98       0x34 ./avi/aviparser.o
                0x0000000008009b98                Avi::readChunk(Avi::ChunkHeader*)
 .text._ZN3Avi10isMoviListEm
                0x0000000008009bcc       0x70 ./avi/aviparser.o
                0x0000000008009bcc                Avi::isMoviList(unsigned long)
 .text._ZN3Avi8readMoviEPKc
                0x0000000008009c3c      0x10c ./avi/aviparser.o
                0x0000000008009c3c                Avi::readMovi(char const*)
 .text._ZN3Avi5CloseEv
                0x0000000008009d48       0x1c ./avi/aviparser.o
                0x0000000008009d48                Avi::Close()
 .text._ZL7readRAMP13jpeg_file_tagPhl
                0x0000000008009d64       0x60 ./jpegdec/JPEGDEC.o
 .text._ZL7seekMemP13jpeg_file_tagl
                0x0000000008009dc4       0x3c ./jpegdec/JPEGDEC.o
 .text._ZL8JPEGInitP14jpeg_image_tag
                0x0000000008009e00       0x1a ./jpegdec/JPEGDEC.o
 .text._ZL17JPEGGetHuffTablesPhiP14jpeg_image_tag
                0x0000000008009e1a      0x124 ./jpegdec/JPEGDEC.o
 .text._ZL18JPEGMakeHuffTablesP14jpeg_image_tagi
                0x0000000008009f3e      0x42a ./jpegdec/JPEGDEC.o
 .text._ZL9TIFFSHORTPhi
                0x000000000800a368       0x4c ./jpegdec/JPEGDEC.o
 .text._ZL8TIFFLONGPhi
                0x000000000800a3b4       0x6a ./jpegdec/JPEGDEC.o
 *fill*         0x000000000800a41e        0x2 
 .text._ZL9TIFFVALUEPhi
                0x000000000800a420       0xc0 ./jpegdec/JPEGDEC.o
 .text._ZL11GetTIFFInfoP14jpeg_image_tagii
                0x000000000800a4e0       0xdc ./jpegdec/JPEGDEC.o
 .text._ZL10JPEGGetSOSP14jpeg_image_tagPi
                0x000000000800a5bc      0x1de ./jpegdec/JPEGDEC.o
 .text._ZL10JPEGFilterPhS_iS_
                0x000000000800a79a       0xb6 ./jpegdec/JPEGDEC.o
 .text._ZL15JPEGGetMoreDataP14jpeg_image_tag
                0x000000000800a850       0xf6 ./jpegdec/JPEGDEC.o
 *fill*         0x000000000800a946        0x2 
 .text._ZL13JPEGParseInfoP14jpeg_image_tagi
                0x000000000800a948      0x72c ./jpegdec/JPEGDEC.o
 .text._ZL13JPEGFixQuantDP14jpeg_image_tag
                0x000000000800b074      0x110 ./jpegdec/JPEGDEC.o
 .text._ZL15JPEGDecodeMCU_PP14jpeg_image_tagiPi
                0x000000000800b184      0x660 ./jpegdec/JPEGDEC.o
 .text._ZL13JPEGDecodeMCUP14jpeg_image_tagiPi
                0x000000000800b7e4      0x574 ./jpegdec/JPEGDEC.o
 .text._ZL8JPEGIDCTP14jpeg_image_tagii
                0x000000000800bd58      0xa94 ./jpegdec/JPEGDEC.o
 .text._ZL18JPEGPutMCU8BitGrayP14jpeg_image_tagii
                0x000000000800c7ec      0x8b2 ./jpegdec/JPEGDEC.o
 *fill*         0x000000000800d09e        0x2 
 .text._ZL14JPEGPutMCUGrayP14jpeg_image_tagii
                0x000000000800d0a0      0x1fc ./jpegdec/JPEGDEC.o
 .text._ZL11JPEGPixelLEPtiii
                0x000000000800d29c       0xb0 ./jpegdec/JPEGDEC.o
 .text._ZL11JPEGPixelBEPtiii
                0x000000000800d34c       0xb4 ./jpegdec/JPEGDEC.o
 .text._ZL12JPEGPixelRGBPmiii
                0x000000000800d400       0xe4 ./jpegdec/JPEGDEC.o
 .text._ZL12JPEGPixel2LEPtiiii
                0x000000000800d4e4      0x104 ./jpegdec/JPEGDEC.o
 .text._ZL12JPEGPixel2BEPtllll
                0x000000000800d5e8      0x114 ./jpegdec/JPEGDEC.o
 .text._ZL13JPEGPixel2RGBPmllll
                0x000000000800d6fc      0x174 ./jpegdec/JPEGDEC.o
 .text._ZL12JPEGPutMCU11P14jpeg_image_tagii
                0x000000000800d870      0x55e ./jpegdec/JPEGDEC.o
 .text._ZL12JPEGPutMCU22P14jpeg_image_tagii
                0x000000000800ddce     0x1164 ./jpegdec/JPEGDEC.o
 .text._ZL12JPEGPutMCU12P14jpeg_image_tagii
                0x000000000800ef32      0x604 ./jpegdec/JPEGDEC.o
 .text._ZL12JPEGPutMCU21P14jpeg_image_tagii
                0x000000000800f536      0x5ca ./jpegdec/JPEGDEC.o
 .text._ZL10JPEGDitherP14jpeg_image_tagii
                0x000000000800fb00      0x218 ./jpegdec/JPEGDEC.o
 .text._ZL10DecodeJPEGP14jpeg_image_tag
                0x000000000800fd18      0xf84 ./jpegdec/JPEGDEC.o
 .text._ZN7JPEGDEC12setPixelTypeEi
                0x0000000008010c9c       0x36 ./jpegdec/JPEGDEC.o
                0x0000000008010c9c                JPEGDEC::setPixelType(int)
 *fill*         0x0000000008010cd2        0x2 
 .text._ZN7JPEGDEC7openRAMEPhiPFiP13jpeg_draw_tagE
                0x0000000008010cd4       0x74 ./jpegdec/JPEGDEC.o
                0x0000000008010cd4                JPEGDEC::openRAM(unsigned char*, int, int (*)(jpeg_draw_tag*))
 .text._ZN7JPEGDEC5closeEv
                0x0000000008010d48       0x26 ./jpegdec/JPEGDEC.o
                0x0000000008010d48                JPEGDEC::close()
 .text._ZN7JPEGDEC6decodeEiii
                0x0000000008010d6e       0x32 ./jpegdec/JPEGDEC.o
                0x0000000008010d6e                JPEGDEC::decode(int, int, int)
 .text.__libc_init_array
                0x0000000008010da0       0x48 c:/st/stm32cubeide_1.12.0/stm32cubeide/plugins/com.st.stm32cube.ide.mcu.externaltools.gnu-tools-for-stm32.10.3-2021.10.win32_1.0.200.202301161003/tools/bin/../lib/gcc/arm-none-eabi/10.3.1/../../../../arm-none-eabi/lib/thumb/v7e-m+fp/hard\libc_nano.a(lib_a-init.o)
                0x0000000008010da0                __libc_init_array
 .text.memcpy   0x0000000008010de8       0x1c c:/st/stm32cubeide_1.12.0/stm32cubeide/plugins/com.st.stm32cube.ide.mcu.externaltools.gnu-tools-for-stm32.10.3-2021.10.win32_1.0.200.202301161003/tools/bin/../lib/gcc/arm-none-eabi/10.3.1/../../../../arm-none-eabi/lib/thumb/v7e-m+fp/hard\libc_nano.a(lib_a-memcpy-stub.o)
                0x0000000008010de8                memcpy
 .text.memset   0x0000000008010e04       0x10 c:/st/stm32cubeide_1.12.0/stm32cubeide/plugins/com.st.stm32cube.ide.mcu.externaltools.gnu-tools-for-stm32.10.3-2021.10.win32_1.0.200.202301161003/tools/bin/../lib/gcc/arm-none-eabi/10.3.1/../../../../arm-none-eabi/lib/thumb/v7e-m+fp/hard\libc_nano.a(lib_a-memset.o)
                0x0000000008010e04                memset
 .text.strncmp  0x0000000008010e14       0x28 c:/st/stm32cubeide_1.12.0/stm32cubeide/plugins/com.st.stm32cube.ide.mcu.externaltools.gnu-tools-for-stm32.10.3-2021.10.win32_1.0.200.202301161003/tools/bin/../lib/gcc/arm-none-eabi/10.3.1/../../../../arm-none-eabi/lib/thumb/v7e-m+fp/hard\libc_nano.a(lib_a-strncmp.o)
                0x0000000008010e14                strncmp
 *(.glue_7)
 .glue_7        0x0000000008010e3c        0x0 linker stubs
 *(.glue_7t)
 .glue_7t       0x0000000008010e3c        0x0 linker stubs
 *(.eh_frame)
 .eh_frame      0x0000000008010e3c        0x0 c:/st/stm32cubeide_1.12.0/stm32cubeide/plugins/com.st.stm32cube.ide.mcu.externaltools.gnu-tools-for-stm32.10.3-2021.10.win32_1.0.200.202301161003/tools/bin/../lib/gcc/arm-none-eabi/10.3.1/thumb/v7e-m+fp/hard/crtbegin.o
 *(.init)
 .init          0x0000000008010e3c        0x4 c:/st/stm32cubeide_1.12.0/stm32cubeide/plugins/com.st.stm32cube.ide.mcu.externaltools.gnu-tools-for-stm32.10.3-2021.10.win32_1.0.200.202301161003/tools/bin/../lib/gcc/arm-none-eabi/10.3.1/thumb/v7e-m+fp/hard/crti.o
                0x0000000008010e3c                _init
 .init          0x0000000008010e40        0x8 c:/st/stm32cubeide_1.12.0/stm32cubeide/plugins/com.st.stm32cube.ide.mcu.externaltools.gnu-tools-for-stm32.10.3-2021.10.win32_1.0.200.202301161003/tools/bin/../lib/gcc/arm-none-eabi/10.3.1/thumb/v7e-m+fp/hard/crtn.o
 *(.fini)
 .fini          0x0000000008010e48        0x4 c:/st/stm32cubeide_1.12.0/stm32cubeide/plugins/com.st.stm32cube.ide.mcu.externaltools.gnu-tools-for-stm32.10.3-2021.10.win32_1.0.200.202301161003/tools/bin/../lib/gcc/arm-none-eabi/10.3.1/thumb/v7e-m+fp/hard/crti.o
                0x0000000008010e48                _fini
 .fini          0x0000000008010e4c        0x8 c:/st/stm32cubeide_1.12.0/stm32cubeide/plugins/com.st.stm32cube.ide.mcu.externaltools.gnu-tools-for-stm32.10.3-2021.10.win32_1.0.200.202301161003/tools/bin/../lib/gcc/arm-none-eabi/10.3.1/thumb/v7e-m+fp/hard/crtn.o
                0x0000000008010e54                . = ALIGN (0x4)
                0x0000000008010e54                _etext = .

.vfp11_veneer   0x0000000008010e54        0x0
 .vfp11_veneer  0x0000000008010e54        0x0 linker stubs

.v4_bx          0x0000000008010e54        0x0
 .v4_bx         0x0000000008010e54        0x0 linker stubs

.iplt           0x0000000008010e54        0x0
 .iplt          0x0000000008010e54        0x0 c:/st/stm32cubeide_1.12.0/stm32cubeide/plugins/com.st.stm32cube.ide.mcu.externaltools.gnu-tools-for-stm32.10.3-2021.10.win32_1.0.200.202301161003/tools/bin/../lib/gcc/arm-none-eabi/10.3.1/thumb/v7e-m+fp/hard/crtbegin.o

.rodata         0x0000000008010e54     0x2154
                0x0000000008010e54                . = ALIGN (0x4)
 *(.rodata)
 .rodata        0x0000000008010e54       0x44 ./Middlewares/Third_Party/FatFs/src/ff.o
 .rodata        0x0000000008010e98       0x30 ./UserApp/main.o
 .rodata        0x0000000008010ec8       0x25 ./avi/aviparser.o
 *(.rodata*)
 *fill*         0x0000000008010eed        0x3 
 .rodata.AHBPrescTable
                0x0000000008010ef0       0x10 ./Core/Src/system_stm32f4xx.o
                0x0000000008010ef0                AHBPrescTable
 .rodata.APBPrescTable
                0x0000000008010f00        0x8 ./Core/Src/system_stm32f4xx.o
                0x0000000008010f00                APBPrescTable
 .rodata.flagBitshiftOffset.0
                0x0000000008010f08        0x8 ./Drivers/STM32F4xx_HAL_Driver/Src/stm32f4xx_hal_dma.o
 .rodata.SD_Driver
                0x0000000008010f10       0x14 ./FATFS/Target/sd_diskio.o
                0x0000000008010f10                SD_Driver
 .rodata.ExCvt  0x0000000008010f24       0x80 ./Middlewares/Third_Party/FatFs/src/ff.o
 .rodata._ZL9iBitMasks
                0x0000000008010fa4       0x84 ./jpegdec/JPEGDEC.o
 .rodata._ZL7cZigZag
                0x0000000008011028       0x40 ./jpegdec/JPEGDEC.o
 .rodata._ZL8cZigZag2
                0x0000000008011068       0x40 ./jpegdec/JPEGDEC.o
 .rodata._ZL10iScaleBits
                0x00000000080110a8      0x100 ./jpegdec/JPEGDEC.o
 .rodata._ZL12ucRangeTable
                0x00000000080111a8      0x400 ./jpegdec/JPEGDEC.o
 .rodata._ZL11usGrayTo565
                0x00000000080115a8      0x200 ./jpegdec/JPEGDEC.o
 .rodata._ZL13usRangeTableR
                0x00000000080117a8      0x800 ./jpegdec/JPEGDEC.o
 .rodata._ZL13usRangeTableG
                0x0000000008011fa8      0x800 ./jpegdec/JPEGDEC.o
 .rodata._ZL13usRangeTableB
                0x00000000080127a8      0x800 ./jpegdec/JPEGDEC.o
                0x0000000008012fa8                . = ALIGN (0x4)

.ARM.extab      0x0000000008012fa8        0x0
                0x0000000008012fa8                . = ALIGN (0x4)
 *(.ARM.extab* .gnu.linkonce.armextab.*)
                0x0000000008012fa8                . = ALIGN (0x4)

.ARM            0x0000000008012fa8        0x8
                0x0000000008012fa8                . = ALIGN (0x4)
                0x0000000008012fa8                __exidx_start = .
 *(.ARM.exidx*)
 .ARM.exidx     0x0000000008012fa8        0x8 c:/st/stm32cubeide_1.12.0/stm32cubeide/plugins/com.st.stm32cube.ide.mcu.externaltools.gnu-tools-for-stm32.10.3-2021.10.win32_1.0.200.202301161003/tools/bin/../lib/gcc/arm-none-eabi/10.3.1/thumb/v7e-m+fp/hard\libgcc.a(_udivmoddi4.o)
                0x0000000008012fb0                __exidx_end = .
                0x0000000008012fb0                . = ALIGN (0x4)

.rel.dyn        0x0000000008012fb0        0x0
 .rel.iplt      0x0000000008012fb0        0x0 c:/st/stm32cubeide_1.12.0/stm32cubeide/plugins/com.st.stm32cube.ide.mcu.externaltools.gnu-tools-for-stm32.10.3-2021.10.win32_1.0.200.202301161003/tools/bin/../lib/gcc/arm-none-eabi/10.3.1/thumb/v7e-m+fp/hard/crtbegin.o

.preinit_array  0x0000000008012fb0        0x0
                0x0000000008012fb0                . = ALIGN (0x4)
                0x0000000008012fb0                PROVIDE (__preinit_array_start = .)
 *(.preinit_array*)
                0x0000000008012fb0                PROVIDE (__preinit_array_end = .)
                0x0000000008012fb0                . = ALIGN (0x4)

.init_array     0x0000000008012fb0        0x8
                0x0000000008012fb0                . = ALIGN (0x4)
                0x0000000008012fb0                PROVIDE (__init_array_start = .)
 *(SORT_BY_NAME(.init_array.*))
 *(.init_array*)
 .init_array    0x0000000008012fb0        0x4 c:/st/stm32cubeide_1.12.0/stm32cubeide/plugins/com.st.stm32cube.ide.mcu.externaltools.gnu-tools-for-stm32.10.3-2021.10.win32_1.0.200.202301161003/tools/bin/../lib/gcc/arm-none-eabi/10.3.1/thumb/v7e-m+fp/hard/crtbegin.o
 .init_array    0x0000000008012fb4        0x4 ./UserApp/main.o
                0x0000000008012fb8                PROVIDE (__init_array_end = .)
                0x0000000008012fb8                . = ALIGN (0x4)

.fini_array     0x0000000008012fb8        0x4
                0x0000000008012fb8                . = ALIGN (0x4)
                [!provide]                        PROVIDE (__fini_array_start = .)
 *(SORT_BY_NAME(.fini_array.*))
 *(.fini_array*)
 .fini_array    0x0000000008012fb8        0x4 c:/st/stm32cubeide_1.12.0/stm32cubeide/plugins/com.st.stm32cube.ide.mcu.externaltools.gnu-tools-for-stm32.10.3-2021.10.win32_1.0.200.202301161003/tools/bin/../lib/gcc/arm-none-eabi/10.3.1/thumb/v7e-m+fp/hard/crtbegin.o
                [!provide]                        PROVIDE (__fini_array_end = .)
                0x0000000008012fbc                . = ALIGN (0x4)
                0x0000000008012fbc                _sidata = LOADADDR (.data)

.data           0x0000000020000000       0x28 load address 0x0000000008012fbc
                0x0000000020000000                . = ALIGN (0x4)
                0x0000000020000000                _sdata = .
 *(.data)
 *(.data*)
 .data.SystemCoreClock
                0x0000000020000000        0x4 ./Core/Src/system_stm32f4xx.o
                0x0000000020000000                SystemCoreClock
 .data.uwTickPrio
                0x0000000020000004        0x4 ./Drivers/STM32F4xx_HAL_Driver/Src/stm32f4xx_hal.o
                0x0000000020000004                uwTickPrio
 .data.uwTickFreq
                0x0000000020000008        0x1 ./Drivers/STM32F4xx_HAL_Driver/Src/stm32f4xx_hal.o
                0x0000000020000008                uwTickFreq
 .data.Stat     0x0000000020000009        0x1 ./FATFS/Target/sd_diskio.o
 .data.select   0x000000002000000a        0x1 ./UserApp/main.o
                0x000000002000000a                select
 *fill*         0x000000002000000b        0x1 
 .data.names    0x000000002000000c       0x1c ./UserApp/main.o
                0x000000002000000c                names
 *(.RamFunc)
 *(.RamFunc*)
                0x0000000020000028                . = ALIGN (0x4)
                0x0000000020000028                _edata = .
                0x0000000008012fe4                _siccmram = LOADADDR (.ccmram)

.igot.plt       0x0000000020000028        0x0 load address 0x0000000008012fe4
 .igot.plt      0x0000000020000028        0x0 c:/st/stm32cubeide_1.12.0/stm32cubeide/plugins/com.st.stm32cube.ide.mcu.externaltools.gnu-tools-for-stm32.10.3-2021.10.win32_1.0.200.202301161003/tools/bin/../lib/gcc/arm-none-eabi/10.3.1/thumb/v7e-m+fp/hard/crtbegin.o

.ccmram         0x0000000010000000        0x0 load address 0x0000000008012fe4
                0x0000000010000000                . = ALIGN (0x4)
                0x0000000010000000                _sccmram = .
 *(.ccmram)
 *(.ccmram*)
                0x0000000010000000                . = ALIGN (0x4)
                0x0000000010000000                _eccmram = .
                0x0000000010000000                . = ALIGN (0x4)

.bss            0x0000000020000028     0xad58
                0x0000000020000028                _sbss = .
                0x0000000020000028                __bss_start__ = _sbss
 *(.bss)
 .bss           0x0000000020000028       0x1c c:/st/stm32cubeide_1.12.0/stm32cubeide/plugins/com.st.stm32cube.ide.mcu.externaltools.gnu-tools-for-stm32.10.3-2021.10.win32_1.0.200.202301161003/tools/bin/../lib/gcc/arm-none-eabi/10.3.1/thumb/v7e-m+fp/hard/crtbegin.o
 *(.bss*)
 .bss.hsd       0x0000000020000044       0x84 ./Core/Src/sdio.o
                0x0000000020000044                hsd
 .bss.hdma_sdio_rx
                0x00000000200000c8       0x60 ./Core/Src/sdio.o
                0x00000000200000c8                hdma_sdio_rx
 .bss.hdma_sdio_tx
                0x0000000020000128       0x60 ./Core/Src/sdio.o
                0x0000000020000128                hdma_sdio_tx
 .bss.hspi1     0x0000000020000188       0x58 ./Core/Src/spi.o
                0x0000000020000188                hspi1
 .bss.hdma_spi1_tx
                0x00000000200001e0       0x60 ./Core/Src/spi.o
                0x00000000200001e0                hdma_spi1_tx
 .bss.htim14    0x0000000020000240       0x48 ./Core/Src/stm32f4xx_hal_timebase_tim.o
                0x0000000020000240                htim14
 .bss.htim3     0x0000000020000288       0x48 ./Core/Src/tim.o
                0x0000000020000288                htim3
 .bss.uwTick    0x00000000200002d0        0x4 ./Drivers/STM32F4xx_HAL_Driver/Src/stm32f4xx_hal.o
                0x00000000200002d0                uwTick
 .bss.retSD     0x00000000200002d4        0x1 ./FATFS/App/fatfs.o
                0x00000000200002d4                retSD
 *fill*         0x00000000200002d5        0x3 
 .bss.SDPath    0x00000000200002d8        0x4 ./FATFS/App/fatfs.o
                0x00000000200002d8                SDPath
 .bss.SDFatFS   0x00000000200002dc     0x1034 ./FATFS/App/fatfs.o
                0x00000000200002dc                SDFatFS
 .bss.SDFile    0x0000000020001310     0x1030 ./FATFS/App/fatfs.o
                0x0000000020001310                SDFile
 .bss.scratch   0x0000000020002340      0x200 ./FATFS/Target/sd_diskio.o
 .bss.WriteStatus
                0x0000000020002540        0x4 ./FATFS/Target/sd_diskio.o
 .bss.ReadStatus
                0x0000000020002544        0x4 ./FATFS/Target/sd_diskio.o
 .bss.FatFs     0x0000000020002548        0x4 ./Middlewares/Third_Party/FatFs/src/ff.o
 .bss.Fsid      0x000000002000254c        0x2 ./Middlewares/Third_Party/FatFs/src/ff.o
 *fill*         0x000000002000254e        0x2 
 .bss.Files     0x0000000020002550       0x20 ./Middlewares/Third_Party/FatFs/src/ff.o
 .bss.disk      0x0000000020002570        0xc ./Middlewares/Third_Party/FatFs/src/ff_gen_drv.o
                0x0000000020002570                disk
 .bss.LCD       0x000000002000257c        0xc ./UserApp/main.o
                0x000000002000257c                LCD
 .bss.mjpeg     0x0000000020002588     0x45dc ./UserApp/main.o
                0x0000000020002588                mjpeg
 .bss.avi       0x0000000020006b64       0x14 ./UserApp/main.o
                0x0000000020006b64                avi
 .bss.buffSdio  0x0000000020006b78     0x1200 ./UserApp/main.o
                0x0000000020006b78                buffSdio
 .bss.buffSpi   0x0000000020007d78     0x1200 ./UserApp/main.o
                0x0000000020007d78                buffSpi
 .bss.size      0x0000000020008f78        0x4 ./UserApp/main.o
                0x0000000020008f78                size
 .bss.sizeSpi   0x0000000020008f7c        0x4 ./UserApp/main.o
                0x0000000020008f7c                sizeSpi
 .bss.bufferA   0x0000000020008f80     0x1000 ./UserApp/main.o
                0x0000000020008f80                bufferA
 .bss.bufferB   0x0000000020009f80      0xe00 ./UserApp/main.o
                0x0000000020009f80                bufferB
 *(COMMON)
                0x000000002000ad80                . = ALIGN (0x4)
                0x000000002000ad80                _ebss = .
                0x000000002000ad80                __bss_end__ = _ebss

._user_heap_stack
                0x000000002000ad80     0x3000
                0x000000002000ad80                . = ALIGN (0x8)
                [!provide]                        PROVIDE (end = .)
                0x000000002000ad80                PROVIDE (_end = .)
                0x000000002000cd80                . = (. + _Min_Heap_Size)
 *fill*         0x000000002000ad80     0x2000 
                0x000000002000dd80                . = (. + _Min_Stack_Size)
 *fill*         0x000000002000cd80     0x1000 
                0x000000002000dd80                . = ALIGN (0x8)

/DISCARD/
 libc.a(*)
 libm.a(*)
 libgcc.a(*)

.ARM.attributes
                0x0000000000000000       0x30
 *(.ARM.attributes)
 .ARM.attributes
                0x0000000000000000       0x1e c:/st/stm32cubeide_1.12.0/stm32cubeide/plugins/com.st.stm32cube.ide.mcu.externaltools.gnu-tools-for-stm32.10.3-2021.10.win32_1.0.200.202301161003/tools/bin/../lib/gcc/arm-none-eabi/10.3.1/thumb/v7e-m+fp/hard/crti.o
 .ARM.attributes
                0x000000000000001e       0x34 c:/st/stm32cubeide_1.12.0/stm32cubeide/plugins/com.st.stm32cube.ide.mcu.externaltools.gnu-tools-for-stm32.10.3-2021.10.win32_1.0.200.202301161003/tools/bin/../lib/gcc/arm-none-eabi/10.3.1/thumb/v7e-m+fp/hard/crtbegin.o
 .ARM.attributes
                0x0000000000000052       0x34 ./Bsp/screen.o
 .ARM.attributes
                0x0000000000000086       0x34 ./Core/Src/dma.o
 .ARM.attributes
                0x00000000000000ba       0x34 ./Core/Src/gpio.o
 .ARM.attributes
                0x00000000000000ee       0x34 ./Core/Src/main.o
 .ARM.attributes
                0x0000000000000122       0x34 ./Core/Src/sdio.o
 .ARM.attributes
                0x0000000000000156       0x34 ./Core/Src/spi.o
 .ARM.attributes
                0x000000000000018a       0x34 ./Core/Src/stm32f4xx_hal_msp.o
 .ARM.attributes
                0x00000000000001be       0x34 ./Core/Src/stm32f4xx_hal_timebase_tim.o
 .ARM.attributes
                0x00000000000001f2       0x34 ./Core/Src/stm32f4xx_it.o
 .ARM.attributes
                0x0000000000000226       0x34 ./Core/Src/system_stm32f4xx.o
 .ARM.attributes
                0x000000000000025a       0x34 ./Core/Src/tim.o
 .ARM.attributes
                0x000000000000028e       0x21 ./Core/Startup/startup_stm32f407vetx.o
 .ARM.attributes
                0x00000000000002af       0x34 ./Drivers/STM32F4xx_HAL_Driver/Src/stm32f4xx_hal.o
 .ARM.attributes
                0x00000000000002e3       0x34 ./Drivers/STM32F4xx_HAL_Driver/Src/stm32f4xx_hal_cortex.o
 .ARM.attributes
                0x0000000000000317       0x34 ./Drivers/STM32F4xx_HAL_Driver/Src/stm32f4xx_hal_dma.o
 .ARM.attributes
                0x000000000000034b       0x34 ./Drivers/STM32F4xx_HAL_Driver/Src/stm32f4xx_hal_gpio.o
 .ARM.attributes
                0x000000000000037f       0x34 ./Drivers/STM32F4xx_HAL_Driver/Src/stm32f4xx_hal_rcc.o
 .ARM.attributes
                0x00000000000003b3       0x34 ./Drivers/STM32F4xx_HAL_Driver/Src/stm32f4xx_hal_sd.o
 .ARM.attributes
                0x00000000000003e7       0x34 ./Drivers/STM32F4xx_HAL_Driver/Src/stm32f4xx_hal_spi.o
 .ARM.attributes
                0x000000000000041b       0x34 ./Drivers/STM32F4xx_HAL_Driver/Src/stm32f4xx_hal_tim.o
 .ARM.attributes
                0x000000000000044f       0x34 ./Drivers/STM32F4xx_HAL_Driver/Src/stm32f4xx_hal_tim_ex.o
 .ARM.attributes
                0x0000000000000483       0x34 ./Drivers/STM32F4xx_HAL_Driver/Src/stm32f4xx_ll_sdmmc.o
 .ARM.attributes
                0x00000000000004b7       0x34 ./FATFS/App/fatfs.o
 .ARM.attributes
                0x00000000000004eb       0x34 ./FATFS/Target/bsp_driver_sd.o
 .ARM.attributes
                0x000000000000051f       0x34 ./FATFS/Target/fatfs_platform.o
 .ARM.attributes
                0x0000000000000553       0x34 ./FATFS/Target/sd_diskio.o
 .ARM.attributes
                0x0000000000000587       0x34 ./Middlewares/Third_Party/FatFs/src/diskio.o
 .ARM.attributes
                0x00000000000005bb       0x34 ./Middlewares/Third_Party/FatFs/src/ff.o
 .ARM.attributes
                0x00000000000005ef       0x34 ./Middlewares/Third_Party/FatFs/src/ff_gen_drv.o
 .ARM.attributes
                0x0000000000000623       0x34 ./UserApp/main.o
 .ARM.attributes
                0x0000000000000657       0x34 ./avi/aviparser.o
 .ARM.attributes
                0x000000000000068b       0x34 ./jpegdec/JPEGDEC.o
 .ARM.attributes
                0x00000000000006bf       0x34 c:/st/stm32cubeide_1.12.0/stm32cubeide/plugins/com.st.stm32cube.ide.mcu.externaltools.gnu-tools-for-stm32.10.3-2021.10.win32_1.0.200.202301161003/tools/bin/../lib/gcc/arm-none-eabi/10.3.1/../../../../arm-none-eabi/lib/thumb/v7e-m+fp/hard\libc_nano.a(lib_a-init.o)
 .ARM.attributes
                0x00000000000006f3       0x34 c:/st/stm32cubeide_1.12.0/stm32cubeide/plugins/com.st.stm32cube.ide.mcu.externaltools.gnu-tools-for-stm32.10.3-2021.10.win32_1.0.200.202301161003/tools/bin/../lib/gcc/arm-none-eabi/10.3.1/../../../../arm-none-eabi/lib/thumb/v7e-m+fp/hard\libc_nano.a(lib_a-memcpy-stub.o)
 .ARM.attributes
                0x0000000000000727       0x34 c:/st/stm32cubeide_1.12.0/stm32cubeide/plugins/com.st.stm32cube.ide.mcu.externaltools.gnu-tools-for-stm32.10.3-2021.10.win32_1.0.200.202301161003/tools/bin/../lib/gcc/arm-none-eabi/10.3.1/../../../../arm-none-eabi/lib/thumb/v7e-m+fp/hard\libc_nano.a(lib_a-memset.o)
 .ARM.attributes
                0x000000000000075b       0x34 c:/st/stm32cubeide_1.12.0/stm32cubeide/plugins/com.st.stm32cube.ide.mcu.externaltools.gnu-tools-for-stm32.10.3-2021.10.win32_1.0.200.202301161003/tools/bin/../lib/gcc/arm-none-eabi/10.3.1/../../../../arm-none-eabi/lib/thumb/v7e-m+fp/hard\libc_nano.a(lib_a-strncmp.o)
 .ARM.attributes
                0x000000000000078f       0x1e c:/st/stm32cubeide_1.12.0/stm32cubeide/plugins/com.st.stm32cube.ide.mcu.externaltools.gnu-tools-for-stm32.10.3-2021.10.win32_1.0.200.202301161003/tools/bin/../lib/gcc/arm-none-eabi/10.3.1/thumb/v7e-m+fp/hard\libgcc.a(_aeabi_uldivmod.o)
 .ARM.attributes
                0x00000000000007ad       0x34 c:/st/stm32cubeide_1.12.0/stm32cubeide/plugins/com.st.stm32cube.ide.mcu.externaltools.gnu-tools-for-stm32.10.3-2021.10.win32_1.0.200.202301161003/tools/bin/../lib/gcc/arm-none-eabi/10.3.1/thumb/v7e-m+fp/hard\libgcc.a(_udivmoddi4.o)
 .ARM.attributes
                0x00000000000007e1       0x1e c:/st/stm32cubeide_1.12.0/stm32cubeide/plugins/com.st.stm32cube.ide.mcu.externaltools.gnu-tools-for-stm32.10.3-2021.10.win32_1.0.200.202301161003/tools/bin/../lib/gcc/arm-none-eabi/10.3.1/thumb/v7e-m+fp/hard\libgcc.a(_dvmd_tls.o)
 .ARM.attributes
                0x00000000000007ff       0x1e c:/st/stm32cubeide_1.12.0/stm32cubeide/plugins/com.st.stm32cube.ide.mcu.externaltools.gnu-tools-for-stm32.10.3-2021.10.win32_1.0.200.202301161003/tools/bin/../lib/gcc/arm-none-eabi/10.3.1/thumb/v7e-m+fp/hard/crtn.o
OUTPUT(ZEMO_ROBOT.elf elf32-littlearm)
LOAD linker stubs
LOAD c:/st/stm32cubeide_1.12.0/stm32cubeide/plugins/com.st.stm32cube.ide.mcu.externaltools.gnu-tools-for-stm32.10.3-2021.10.win32_1.0.200.202301161003/tools/bin/../lib/gcc/arm-none-eabi/10.3.1/../../../../arm-none-eabi/lib/thumb/v7e-m+fp/hard\libc.a
LOAD c:/st/stm32cubeide_1.12.0/stm32cubeide/plugins/com.st.stm32cube.ide.mcu.externaltools.gnu-tools-for-stm32.10.3-2021.10.win32_1.0.200.202301161003/tools/bin/../lib/gcc/arm-none-eabi/10.3.1/../../../../arm-none-eabi/lib/thumb/v7e-m+fp/hard\libm.a
LOAD c:/st/stm32cubeide_1.12.0/stm32cubeide/plugins/com.st.stm32cube.ide.mcu.externaltools.gnu-tools-for-stm32.10.3-2021.10.win32_1.0.200.202301161003/tools/bin/../lib/gcc/arm-none-eabi/10.3.1/thumb/v7e-m+fp/hard\libgcc.a

.debug_info     0x0000000000000000    0x1d0f0
 .debug_info    0x0000000000000000     0x14de ./Bsp/screen.o
 .debug_info    0x00000000000014de      0x4ec ./Core/Src/dma.o
 .debug_info    0x00000000000019ca      0x48e ./Core/Src/gpio.o
 .debug_info    0x0000000000001e58      0xb3c ./Core/Src/main.o
 .debug_info    0x0000000000002994      0xdc8 ./Core/Src/sdio.o
 .debug_info    0x000000000000375c      0xc9f ./Core/Src/spi.o
 .debug_info    0x00000000000043fb      0x2a8 ./Core/Src/stm32f4xx_hal_msp.o
 .debug_info    0x00000000000046a3      0xc4b ./Core/Src/stm32f4xx_hal_timebase_tim.o
 .debug_info    0x00000000000052ee      0xe3f ./Core/Src/stm32f4xx_it.o
 .debug_info    0x000000000000612d      0x523 ./Core/Src/system_stm32f4xx.o
 .debug_info    0x0000000000006650      0xbb5 ./Core/Src/tim.o
 .debug_info    0x0000000000007205       0x22 ./Core/Startup/startup_stm32f407vetx.o
 .debug_info    0x0000000000007227      0x97c ./Drivers/STM32F4xx_HAL_Driver/Src/stm32f4xx_hal.o
 .debug_info    0x0000000000007ba3      0xe1b ./Drivers/STM32F4xx_HAL_Driver/Src/stm32f4xx_hal_cortex.o
 .debug_info    0x00000000000089be      0x94f ./Drivers/STM32F4xx_HAL_Driver/Src/stm32f4xx_hal_dma.o
 .debug_info    0x000000000000930d      0x76a ./Drivers/STM32F4xx_HAL_Driver/Src/stm32f4xx_hal_gpio.o
 .debug_info    0x0000000000009a77      0x966 ./Drivers/STM32F4xx_HAL_Driver/Src/stm32f4xx_hal_rcc.o
 .debug_info    0x000000000000a3dd     0x1d34 ./Drivers/STM32F4xx_HAL_Driver/Src/stm32f4xx_hal_sd.o
 .debug_info    0x000000000000c111     0x1758 ./Drivers/STM32F4xx_HAL_Driver/Src/stm32f4xx_hal_spi.o
 .debug_info    0x000000000000d869     0x2bbe ./Drivers/STM32F4xx_HAL_Driver/Src/stm32f4xx_hal_tim.o
 .debug_info    0x0000000000010427     0x15e0 ./Drivers/STM32F4xx_HAL_Driver/Src/stm32f4xx_hal_tim_ex.o
 .debug_info    0x0000000000011a07     0x11dd ./Drivers/STM32F4xx_HAL_Driver/Src/stm32f4xx_ll_sdmmc.o
 .debug_info    0x0000000000012be4      0x507 ./FATFS/App/fatfs.o
 .debug_info    0x00000000000130eb      0xb61 ./FATFS/Target/bsp_driver_sd.o
 .debug_info    0x0000000000013c4c      0x1dd ./FATFS/Target/fatfs_platform.o
 .debug_info    0x0000000000013e29      0x607 ./FATFS/Target/sd_diskio.o
 .debug_info    0x0000000000014430      0x412 ./Middlewares/Third_Party/FatFs/src/diskio.o
 .debug_info    0x0000000000014842     0x240a ./Middlewares/Third_Party/FatFs/src/ff.o
 .debug_info    0x0000000000016c4c      0x3a9 ./Middlewares/Third_Party/FatFs/src/ff_gen_drv.o
 .debug_info    0x0000000000016ff5     0x2187 ./UserApp/main.o
 .debug_info    0x000000000001917c      0xecb ./avi/aviparser.o
 .debug_info    0x000000000001a047     0x30a9 ./jpegdec/JPEGDEC.o

.debug_abbrev   0x0000000000000000     0x4310
 .debug_abbrev  0x0000000000000000      0x318 ./Bsp/screen.o
 .debug_abbrev  0x0000000000000318      0x10a ./Core/Src/dma.o
 .debug_abbrev  0x0000000000000422      0x146 ./Core/Src/gpio.o
 .debug_abbrev  0x0000000000000568      0x211 ./Core/Src/main.o
 .debug_abbrev  0x0000000000000779      0x218 ./Core/Src/sdio.o
 .debug_abbrev  0x0000000000000991      0x211 ./Core/Src/spi.o
 .debug_abbrev  0x0000000000000ba2       0xd4 ./Core/Src/stm32f4xx_hal_msp.o
 .debug_abbrev  0x0000000000000c76      0x1e6 ./Core/Src/stm32f4xx_hal_timebase_tim.o
 .debug_abbrev  0x0000000000000e5c      0x1b6 ./Core/Src/stm32f4xx_it.o
 .debug_abbrev  0x0000000000001012      0x116 ./Core/Src/system_stm32f4xx.o
 .debug_abbrev  0x0000000000001128      0x204 ./Core/Src/tim.o
 .debug_abbrev  0x000000000000132c       0x12 ./Core/Startup/startup_stm32f407vetx.o
 .debug_abbrev  0x000000000000133e      0x20d ./Drivers/STM32F4xx_HAL_Driver/Src/stm32f4xx_hal.o
 .debug_abbrev  0x000000000000154b      0x316 ./Drivers/STM32F4xx_HAL_Driver/Src/stm32f4xx_hal_cortex.o
 .debug_abbrev  0x0000000000001861      0x25b ./Drivers/STM32F4xx_HAL_Driver/Src/stm32f4xx_hal_dma.o
 .debug_abbrev  0x0000000000001abc      0x1c4 ./Drivers/STM32F4xx_HAL_Driver/Src/stm32f4xx_hal_gpio.o
 .debug_abbrev  0x0000000000001c80      0x2aa ./Drivers/STM32F4xx_HAL_Driver/Src/stm32f4xx_hal_rcc.o
 .debug_abbrev  0x0000000000001f2a      0x288 ./Drivers/STM32F4xx_HAL_Driver/Src/stm32f4xx_hal_sd.o
 .debug_abbrev  0x00000000000021b2      0x26e ./Drivers/STM32F4xx_HAL_Driver/Src/stm32f4xx_hal_spi.o
 .debug_abbrev  0x0000000000002420      0x25d ./Drivers/STM32F4xx_HAL_Driver/Src/stm32f4xx_hal_tim.o
 .debug_abbrev  0x000000000000267d      0x265 ./Drivers/STM32F4xx_HAL_Driver/Src/stm32f4xx_hal_tim_ex.o
 .debug_abbrev  0x00000000000028e2      0x1ce ./Drivers/STM32F4xx_HAL_Driver/Src/stm32f4xx_ll_sdmmc.o
 .debug_abbrev  0x0000000000002ab0      0x15a ./FATFS/App/fatfs.o
 .debug_abbrev  0x0000000000002c0a      0x2aa ./FATFS/Target/bsp_driver_sd.o
 .debug_abbrev  0x0000000000002eb4      0x105 ./FATFS/Target/fatfs_platform.o
 .debug_abbrev  0x0000000000002fb9      0x24e ./FATFS/Target/sd_diskio.o
 .debug_abbrev  0x0000000000003207      0x178 ./Middlewares/Third_Party/FatFs/src/diskio.o
 .debug_abbrev  0x000000000000337f      0x269 ./Middlewares/Third_Party/FatFs/src/ff.o
 .debug_abbrev  0x00000000000035e8      0x196 ./Middlewares/Third_Party/FatFs/src/ff_gen_drv.o
 .debug_abbrev  0x000000000000377e      0x51f ./UserApp/main.o
 .debug_abbrev  0x0000000000003c9d      0x2ef ./avi/aviparser.o
 .debug_abbrev  0x0000000000003f8c      0x384 ./jpegdec/JPEGDEC.o

.debug_aranges  0x0000000000000000     0x16d8
 .debug_aranges
                0x0000000000000000       0xc0 ./Bsp/screen.o
 .debug_aranges
                0x00000000000000c0       0x20 ./Core/Src/dma.o
 .debug_aranges
                0x00000000000000e0       0x20 ./Core/Src/gpio.o
 .debug_aranges
                0x0000000000000100       0x38 ./Core/Src/main.o
 .debug_aranges
                0x0000000000000138       0x30 ./Core/Src/sdio.o
 .debug_aranges
                0x0000000000000168       0x30 ./Core/Src/spi.o
 .debug_aranges
                0x0000000000000198       0x20 ./Core/Src/stm32f4xx_hal_msp.o
 .debug_aranges
                0x00000000000001b8       0x30 ./Core/Src/stm32f4xx_hal_timebase_tim.o
 .debug_aranges
                0x00000000000001e8       0x90 ./Core/Src/stm32f4xx_it.o
 .debug_aranges
                0x0000000000000278       0x28 ./Core/Src/system_stm32f4xx.o
 .debug_aranges
                0x00000000000002a0       0x38 ./Core/Src/tim.o
 .debug_aranges
                0x00000000000002d8       0x28 ./Core/Startup/startup_stm32f407vetx.o
 .debug_aranges
                0x0000000000000300       0xf0 ./Drivers/STM32F4xx_HAL_Driver/Src/stm32f4xx_hal.o
 .debug_aranges
                0x00000000000003f0      0x118 ./Drivers/STM32F4xx_HAL_Driver/Src/stm32f4xx_hal_cortex.o
 .debug_aranges
                0x0000000000000508       0x90 ./Drivers/STM32F4xx_HAL_Driver/Src/stm32f4xx_hal_dma.o
 .debug_aranges
                0x0000000000000598       0x58 ./Drivers/STM32F4xx_HAL_Driver/Src/stm32f4xx_hal_gpio.o
 .debug_aranges
                0x00000000000005f0       0x88 ./Drivers/STM32F4xx_HAL_Driver/Src/stm32f4xx_hal_rcc.o
 .debug_aranges
                0x0000000000000678      0x168 ./Drivers/STM32F4xx_HAL_Driver/Src/stm32f4xx_hal_sd.o
 .debug_aranges
                0x00000000000007e0      0x1d0 ./Drivers/STM32F4xx_HAL_Driver/Src/stm32f4xx_hal_spi.o
 .debug_aranges
                0x00000000000009b0      0x3d0 ./Drivers/STM32F4xx_HAL_Driver/Src/stm32f4xx_hal_tim.o
 .debug_aranges
                0x0000000000000d80      0x168 ./Drivers/STM32F4xx_HAL_Driver/Src/stm32f4xx_hal_tim_ex.o
 .debug_aranges
                0x0000000000000ee8      0x188 ./Drivers/STM32F4xx_HAL_Driver/Src/stm32f4xx_ll_sdmmc.o
 .debug_aranges
                0x0000000000001070       0x28 ./FATFS/App/fatfs.o
 .debug_aranges
                0x0000000000001098       0xa0 ./FATFS/Target/bsp_driver_sd.o
 .debug_aranges
                0x0000000000001138       0x20 ./FATFS/Target/fatfs_platform.o
 .debug_aranges
                0x0000000000001158       0x60 ./FATFS/Target/sd_diskio.o
 .debug_aranges
                0x00000000000011b8       0x48 ./Middlewares/Third_Party/FatFs/src/diskio.o
 .debug_aranges
                0x0000000000001200      0x208 ./Middlewares/Third_Party/FatFs/src/ff.o
 .debug_aranges
                0x0000000000001408       0x40 ./Middlewares/Third_Party/FatFs/src/ff_gen_drv.o
 .debug_aranges
                0x0000000000001448       0x58 ./UserApp/main.o
 .debug_aranges
                0x00000000000014a0       0x48 ./avi/aviparser.o
 .debug_aranges
                0x00000000000014e8      0x1f0 ./jpegdec/JPEGDEC.o

.debug_ranges   0x0000000000000000     0x1510
 .debug_ranges  0x0000000000000000       0xb0 ./Bsp/screen.o
 .debug_ranges  0x00000000000000b0       0x10 ./Core/Src/dma.o
 .debug_ranges  0x00000000000000c0       0x10 ./Core/Src/gpio.o
 .debug_ranges  0x00000000000000d0       0x28 ./Core/Src/main.o
 .debug_ranges  0x00000000000000f8       0x20 ./Core/Src/sdio.o
 .debug_ranges  0x0000000000000118       0x20 ./Core/Src/spi.o
 .debug_ranges  0x0000000000000138       0x10 ./Core/Src/stm32f4xx_hal_msp.o
 .debug_ranges  0x0000000000000148       0x20 ./Core/Src/stm32f4xx_hal_timebase_tim.o
 .debug_ranges  0x0000000000000168       0x80 ./Core/Src/stm32f4xx_it.o
 .debug_ranges  0x00000000000001e8       0x18 ./Core/Src/system_stm32f4xx.o
 .debug_ranges  0x0000000000000200       0x28 ./Core/Src/tim.o
 .debug_ranges  0x0000000000000228       0x20 ./Core/Startup/startup_stm32f407vetx.o
 .debug_ranges  0x0000000000000248       0xe0 ./Drivers/STM32F4xx_HAL_Driver/Src/stm32f4xx_hal.o
 .debug_ranges  0x0000000000000328      0x108 ./Drivers/STM32F4xx_HAL_Driver/Src/stm32f4xx_hal_cortex.o
 .debug_ranges  0x0000000000000430       0x80 ./Drivers/STM32F4xx_HAL_Driver/Src/stm32f4xx_hal_dma.o
 .debug_ranges  0x00000000000004b0       0x48 ./Drivers/STM32F4xx_HAL_Driver/Src/stm32f4xx_hal_gpio.o
 .debug_ranges  0x00000000000004f8       0x78 ./Drivers/STM32F4xx_HAL_Driver/Src/stm32f4xx_hal_rcc.o
 .debug_ranges  0x0000000000000570      0x158 ./Drivers/STM32F4xx_HAL_Driver/Src/stm32f4xx_hal_sd.o
 .debug_ranges  0x00000000000006c8      0x1c0 ./Drivers/STM32F4xx_HAL_Driver/Src/stm32f4xx_hal_spi.o
 .debug_ranges  0x0000000000000888      0x3c0 ./Drivers/STM32F4xx_HAL_Driver/Src/stm32f4xx_hal_tim.o
 .debug_ranges  0x0000000000000c48      0x158 ./Drivers/STM32F4xx_HAL_Driver/Src/stm32f4xx_hal_tim_ex.o
 .debug_ranges  0x0000000000000da0      0x178 ./Drivers/STM32F4xx_HAL_Driver/Src/stm32f4xx_ll_sdmmc.o
 .debug_ranges  0x0000000000000f18       0x18 ./FATFS/App/fatfs.o
 .debug_ranges  0x0000000000000f30       0x90 ./FATFS/Target/bsp_driver_sd.o
 .debug_ranges  0x0000000000000fc0       0x10 ./FATFS/Target/fatfs_platform.o
 .debug_ranges  0x0000000000000fd0       0x50 ./FATFS/Target/sd_diskio.o
 .debug_ranges  0x0000000000001020       0x38 ./Middlewares/Third_Party/FatFs/src/diskio.o
 .debug_ranges  0x0000000000001058      0x1f8 ./Middlewares/Third_Party/FatFs/src/ff.o
 .debug_ranges  0x0000000000001250       0x30 ./Middlewares/Third_Party/FatFs/src/ff_gen_drv.o
 .debug_ranges  0x0000000000001280       0x48 ./UserApp/main.o
 .debug_ranges  0x00000000000012c8       0x38 ./avi/aviparser.o
 .debug_ranges  0x0000000000001300      0x210 ./jpegdec/JPEGDEC.o

.debug_macro    0x0000000000000000    0x27690
 .debug_macro   0x0000000000000000      0x222 ./Bsp/screen.o
 .debug_macro   0x0000000000000222      0xb50 ./Bsp/screen.o
 .debug_macro   0x0000000000000d72       0x2e ./Bsp/screen.o
 .debug_macro   0x0000000000000da0       0x2f ./Bsp/screen.o
 .debug_macro   0x0000000000000dcf       0x1c ./Bsp/screen.o
 .debug_macro   0x0000000000000deb       0x22 ./Bsp/screen.o
 .debug_macro   0x0000000000000e0d       0x8e ./Bsp/screen.o
 .debug_macro   0x0000000000000e9b       0x51 ./Bsp/screen.o
 .debug_macro   0x0000000000000eec      0x103 ./Bsp/screen.o
 .debug_macro   0x0000000000000fef       0x6a ./Bsp/screen.o
 .debug_macro   0x0000000000001059      0x1df ./Bsp/screen.o
 .debug_macro   0x0000000000001238       0x1c ./Bsp/screen.o
 .debug_macro   0x0000000000001254       0x22 ./Bsp/screen.o
 .debug_macro   0x0000000000001276       0xd9 ./Bsp/screen.o
 .debug_macro   0x000000000000134f     0x102d ./Bsp/screen.o
 .debug_macro   0x000000000000237c      0x11f ./Bsp/screen.o
 .debug_macro   0x000000000000249b    0x15e82 ./Bsp/screen.o
 .debug_macro   0x000000000001831d       0x6d ./Bsp/screen.o
 .debug_macro   0x000000000001838a      0x2a1 ./Bsp/screen.o
 .debug_macro   0x000000000001862b     0x367e ./Bsp/screen.o
 .debug_macro   0x000000000001bca9      0x17b ./Bsp/screen.o
 .debug_macro   0x000000000001be24       0x5c ./Bsp/screen.o
 .debug_macro   0x000000000001be80      0x96b ./Bsp/screen.o
 .debug_macro   0x000000000001c7eb      0x9fe ./Bsp/screen.o
 .debug_macro   0x000000000001d1e9      0x115 ./Bsp/screen.o